******************************************************************************
                  TI ARM Linker Unix v5.2.6                    
******************************************************************************
>> Linked Wed Jan 27 14:05:41 2016

OUTPUT FILE NAME:   <LabOne.out>
ENTRY POINT SYMBOL: "_c_int00"  address: 0000081d


MEMORY CONFIGURATION

         name            origin    length      used     unused   attr    fill
----------------------  --------  ---------  --------  --------  ----  --------
  FLASH                 00000000   00040000  00000a2c  0003f5d4  R  X
  SRAM                  20000000   00008000  00000216  00007dea  RW X


SEGMENT ALLOCATION MAP

run origin  load origin   length   init length attrs members
----------  ----------- ---------- ----------- ----- -------
00000000    00000000    00000a30   00000a30    r-x
  00000000    00000000    0000026c   0000026c    r-- .intvecs
  0000026c    0000026c    00000788   00000788    r-x .text
  000009f8    000009f8    00000038   00000038    r-- .cinit
20000000    20000000    00000216   00000000    rw-
  20000000    20000000    00000200   00000000    rw- .stack
  20000200    20000200    00000014   00000000    rw- .data
  20000214    20000214    00000002   00000000    rw- .bss


SECTION ALLOCATION MAP

 output                                  attributes/
section   page    origin      length       input sections
--------  ----  ----------  ----------   ----------------
.intvecs   0    00000000    0000026c     
                  00000000    0000026c     tm4c123gh6pm_startup_ccs.obj (.intvecs)

.text      0    0000026c    00000788     
                  0000026c    00000198     lab-1.obj (.text)
                  00000404    00000132     driverlib.lib : gpio.obj (.text:GPIOPadConfigSet)
                  00000536    00000002     --HOLE-- [fill = 0]
                  00000538    000000f4                   : sysctl.obj (.text:SysCtlClockSet)
                  0000062c    0000009c     rtsv7M4_T_le_v4SPD16_eabi.lib : memcpy_t2.obj (.text)
                  000006c8    0000007a                                   : memset_t2.obj (.text)
                  00000742    00000002     --HOLE-- [fill = 0]
                  00000744    0000006c                                   : autoinit.obj (.text)
                  000007b0    0000006a                                   : copy_decompress_rle.obj (.text)
                  0000081a    00000002     --HOLE-- [fill = 0]
                  0000081c    00000050                                   : boot.obj (.text)
                  0000086c    0000004c                                   : cpy_tbl.obj (.text)
                  000008b8    00000044                                   : exit.obj (.text)
                  000008fc    00000034     driverlib.lib : sysctl.obj (.text:SysCtlPeripheralEnable)
                  00000930    0000002a                   : gpio.obj (.text:GPIODirModeSet)
                  0000095a    00000018                   : gpio.obj (.text:GPIOPinTypeGPIOOutput)
                  00000972    00000002     --HOLE-- [fill = 0]
                  00000974    00000018     rtsv7M4_T_le_v4SPD16_eabi.lib : args_main.obj (.text)
                  0000098c    00000014                                   : _lock.obj (.text)
                  000009a0    00000012     driverlib.lib : gpio.obj (.text:GPIOPinTypeGPIOInput)
                  000009b2    0000000e     rtsv7M4_T_le_v4SPD16_eabi.lib : copy_decompress_none.obj (.text:decompress:none)
                  000009c0    0000000c                                   : copy_zero_init.obj (.text:decompress:ZI)
                  000009cc    0000000c     tm4c123gh6pm_startup_ccs.obj (.text)
                  000009d8    00000006     driverlib.lib : gpio.obj (.text:GPIOPinRead)
                  000009de    00000006                   : gpio.obj (.text:GPIOPinWrite)
                  000009e4    00000006                   : sysctl.obj (.text:SysCtlDelay)
                  000009ea    00000006     rtsv7M4_T_le_v4SPD16_eabi.lib : copy_decompress_rle.obj (.text:decompress:rle24)
                  000009f0    00000004                                   : pre_init.obj (.text)

.cinit     0    000009f8    00000038     
                  000009f8    0000000f     (.cinit..data.load) [load image, compression = rle]
                  00000a07    00000001     --HOLE-- [fill = 0]
                  00000a08    0000000c     (__TI_handler_table)
                  00000a14    00000004     --HOLE-- [fill = 0]
                  00000a18    00000008     (.cinit..bss.load) [load image, compression = zero_init]
                  00000a20    00000010     (__TI_cinit_table)

.init_array 
*          0    00000000    00000000     UNINITIALIZED

.data      0    20000200    00000014     UNINITIALIZED
                  20000200    00000008     rtsv7M4_T_le_v4SPD16_eabi.lib : _lock.obj (.data)
                  20000208    00000008                                   : exit.obj (.data)
                  20000210    00000004                                   : stkdepth_vars.obj (.data)

.bss       0    20000214    00000002     UNINITIALIZED
                  20000214    00000001     (.common:buttonStatus)
                  20000215    00000001     (.common:sw2Status)

.stack     0    20000000    00000200     UNINITIALIZED
                  20000000    00000200     --HOLE--

.TI.persistent 
*          0    20000200    00000000     UNINITIALIZED

.TI.noinit 
*          0    20000214    00000000     UNINITIALIZED


LINKER GENERATED COPY TABLES

__TI_cinit_table @ 00000a20 records: 2, size/record: 8, table size: 16
	.data: load addr=000009f8, load size=0000000f bytes, run addr=20000200, run size=00000014 bytes, compression=rle
	.bss: load addr=00000a18, load size=00000008 bytes, run addr=20000214, run size=00000002 bytes, compression=zero_init


LINKER GENERATED HANDLER TABLE

__TI_handler_table @ 00000a08 records: 3, size/record: 4, table size: 12
	index: 0, handler: __TI_decompress_rle24
	index: 1, handler: __TI_decompress_none
	index: 2, handler: __TI_zero_init


GLOBAL SYMBOLS: SORTED ALPHABETICALLY BY Name 

address   name                    
-------   ----                    
000008b9  C$$EXIT                 
00000931  GPIODirModeSet          
00000405  GPIOPadConfigSet        
000009d9  GPIOPinRead             
000009a1  GPIOPinTypeGPIOInput    
0000095b  GPIOPinTypeGPIOOutput   
000009df  GPIOPinWrite            
000009cd  ResetISR                
UNDEFED   SHT$$INIT_ARRAY$$Base   
UNDEFED   SHT$$INIT_ARRAY$$Limit  
00000539  SysCtlClockSet          
000009e5  SysCtlDelay             
000008fd  SysCtlPeripheralEnable  
20000200  __STACK_END             
00000200  __STACK_SIZE            
20000200  __STACK_TOP             
00000a20  __TI_CINIT_Base         
00000a30  __TI_CINIT_Limit        
00000a08  __TI_Handler_Table_Base 
00000a14  __TI_Handler_Table_Limit
00000745  __TI_auto_init          
20000208  __TI_cleanup_ptr        
000009b3  __TI_decompress_none    
000009eb  __TI_decompress_rle24   
2000020c  __TI_dtors_ptr          
00000000  __TI_static_base__      
000009c1  __TI_zero_init          
000006c9  __aeabi_memclr          
000006c9  __aeabi_memclr4         
000006c9  __aeabi_memclr8         
0000062d  __aeabi_memcpy          
0000062d  __aeabi_memcpy4         
0000062d  __aeabi_memcpy8         
000006cb  __aeabi_memset          
000006cb  __aeabi_memset4         
000006cb  __aeabi_memset8         
ffffffff  __binit__               
ffffffff  __c_args__              
20000000  __stack                 
00000975  _args_main              
0000081d  _c_int00                
20000200  _lock                   
0000099b  _nop                    
00000993  _register_lock          
0000098d  _register_unlock        
000009f1  _system_pre_init        
20000204  _unlock                 
000008bd  abort                   
ffffffff  binit                   
20000214  buttonStatus            
0000086d  copy_in                 
000008c5  exit                    
00000000  g_pfnVectors            
000002c1  getButtonStatus         
0000027d  ledPinConfig            
00000323  main                    
20000210  main_func_sp            
0000062d  memcpy                  
000006d1  memset                  
0000026d  setup                   
20000215  sw2Status               
00000289  switchPinConfig         


GLOBAL SYMBOLS: SORTED BY Symbol Address 

address   name                    
-------   ----                    
00000000  __TI_static_base__      
00000000  g_pfnVectors            
00000200  __STACK_SIZE            
0000026d  setup                   
0000027d  ledPinConfig            
00000289  switchPinConfig         
000002c1  getButtonStatus         
00000323  main                    
00000405  GPIOPadConfigSet        
00000539  SysCtlClockSet          
0000062d  __aeabi_memcpy          
0000062d  __aeabi_memcpy4         
0000062d  __aeabi_memcpy8         
0000062d  memcpy                  
000006c9  __aeabi_memclr          
000006c9  __aeabi_memclr4         
000006c9  __aeabi_memclr8         
000006cb  __aeabi_memset          
000006cb  __aeabi_memset4         
000006cb  __aeabi_memset8         
000006d1  memset                  
00000745  __TI_auto_init          
0000081d  _c_int00                
0000086d  copy_in                 
000008b9  C$$EXIT                 
000008bd  abort                   
000008c5  exit                    
000008fd  SysCtlPeripheralEnable  
00000931  GPIODirModeSet          
0000095b  GPIOPinTypeGPIOOutput   
00000975  _args_main              
0000098d  _register_unlock        
00000993  _register_lock          
0000099b  _nop                    
000009a1  GPIOPinTypeGPIOInput    
000009b3  __TI_decompress_none    
000009c1  __TI_zero_init          
000009cd  ResetISR                
000009d9  GPIOPinRead             
000009df  GPIOPinWrite            
000009e5  SysCtlDelay             
000009eb  __TI_decompress_rle24   
000009f1  _system_pre_init        
00000a08  __TI_Handler_Table_Base 
00000a14  __TI_Handler_Table_Limit
00000a20  __TI_CINIT_Base         
00000a30  __TI_CINIT_Limit        
20000000  __stack                 
20000200  __STACK_END             
20000200  __STACK_TOP             
20000200  _lock                   
20000204  _unlock                 
20000208  __TI_cleanup_ptr        
2000020c  __TI_dtors_ptr          
20000210  main_func_sp            
20000214  buttonStatus            
20000215  sw2Status               
ffffffff  __binit__               
ffffffff  __c_args__              
ffffffff  binit                   
UNDEFED   SHT$$INIT_ARRAY$$Base   
UNDEFED   SHT$$INIT_ARRAY$$Limit  

[62 symbols]
