******************************************************************************
                  TI ARM Linker Unix v5.2.6                    
******************************************************************************
>> Linked Wed Feb 10 16:41:11 2016

OUTPUT FILE NAME:   <LabThree.out>
ENTRY POINT SYMBOL: "_c_int00"  address: 000011c5


MEMORY CONFIGURATION

         name            origin    length      used     unused   attr    fill
----------------------  --------  ---------  --------  --------  ----  --------
  FLASH                 00000000   00040000  00001666  0003e99a  R  X
  SRAM                  20000000   00008000  00000247  00007db9  RW X


SEGMENT ALLOCATION MAP

run origin  load origin   length   init length attrs members
----------  ----------- ---------- ----------- ----- -------
00000000    00000000    00001668   00001668    r-x
  00000000    00000000    0000026c   0000026c    r-- .intvecs
  0000026c    0000026c    00001236   00001236    r-x .text
  000014a4    000014a4    0000016c   0000016c    r-- .const
  00001610    00001610    00000058   00000058    r-- .cinit
20000000    20000000    00000247   00000000    rw-
  20000000    20000000    00000200   00000000    rw- .stack
  20000200    20000200    0000003c   00000000    rw- .data
  2000023c    2000023c    0000000b   00000000    rw- .bss


SECTION ALLOCATION MAP

 output                                  attributes/
section   page    origin      length       input sections
--------  ----  ----------  ----------   ----------------
.intvecs   0    00000000    0000026c     
                  00000000    0000026c     tm4c123gh6pm_startup_ccs.obj (.intvecs)

.text      0    0000026c    00001236     
                  0000026c    00000968     lab-3.obj (.text)
                  00000bd4    00000132     driverlib.lib : gpio.obj (.text:GPIOPadConfigSet)
                  00000d06    00000002     --HOLE-- [fill = 0]
                  00000d08    00000110                   : sysctl.obj (.text:SysCtlClockGet)
                  00000e18    000000f4                   : sysctl.obj (.text:SysCtlClockSet)
                  00000f0c    0000009c     rtsv7M4_T_le_v4SPD16_eabi.lib : memcpy_t2.obj (.text)
                  00000fa8    0000007a                                   : memset_t2.obj (.text)
                  00001022    00000002     --HOLE-- [fill = 0]
                  00001024    0000006c                                   : autoinit.obj (.text)
                  00001090    0000006a                                   : copy_decompress_rle.obj (.text)
                  000010fa    00000002     --HOLE-- [fill = 0]
                  000010fc    00000068     driverlib.lib : interrupt.obj (.text:IntEnable)
                  00001164    00000060                   : timer.obj (.text:TimerConfigure)
                  000011c4    00000050     rtsv7M4_T_le_v4SPD16_eabi.lib : boot.obj (.text)
                  00001214    0000004c                                   : cpy_tbl.obj (.text)
                  00001260    00000048     driverlib.lib : gpio.obj (.text:GPIOPinConfigure)
                  000012a8    00000044     rtsv7M4_T_le_v4SPD16_eabi.lib : exit.obj (.text)
                  000012ec    00000034     driverlib.lib : sysctl.obj (.text:SysCtlPeripheralEnable)
                  00001320    0000002a                   : gpio.obj (.text:GPIODirModeSet)
                  0000134a    00000022                   : pwm.obj (.text:PWMGenConfigure)
                  0000136c    0000001e                   : pwm.obj (.text:PWMPulseWidthSet)
                  0000138a    00000002     --HOLE-- [fill = 0]
                  0000138c    00000018     rtsv7M4_T_le_v4SPD16_eabi.lib : args_main.obj (.text)
                  000013a4    00000014     driverlib.lib : sysctl.obj (.text:SysCtlPWMClockSet)
                  000013b8    00000014     rtsv7M4_T_le_v4SPD16_eabi.lib : _lock.obj (.text)
                  000013cc    00000012     driverlib.lib : gpio.obj (.text:GPIOPinTypeGPIOInput)
                  000013de    00000012                   : gpio.obj (.text:GPIOPinTypePWM)
                  000013f0    00000012                   : pwm.obj (.text:PWMOutputState)
                  00001402    00000012                   : timer.obj (.text:TimerLoadSet)
                  00001414    00000010                   : interrupt.obj (.text:IntMasterEnable)
                  00001424    00000010                   : pwm.obj (.text:PWMGenPeriodSet)
                  00001434    0000000e                   : timer.obj (.text:TimerEnable)
                  00001442    0000000e     rtsv7M4_T_le_v4SPD16_eabi.lib : copy_decompress_none.obj (.text:decompress:none)
                  00001450    0000000c     driverlib.lib : cpu.obj (.text:CPUcpsie)
                  0000145c    0000000c                   : pwm.obj (.text:PWMGenEnable)
                  00001468    0000000c     rtsv7M4_T_le_v4SPD16_eabi.lib : copy_zero_init.obj (.text:decompress:ZI)
                  00001474    0000000c     tm4c123gh6pm_startup_ccs.obj (.text)
                  00001480    00000008     driverlib.lib : timer.obj (.text:TimerIntEnable)
                  00001488    00000006                   : gpio.obj (.text:GPIOPinRead)
                  0000148e    00000006                   : sysctl.obj (.text:SysCtlDelay)
                  00001494    00000006     rtsv7M4_T_le_v4SPD16_eabi.lib : copy_decompress_rle.obj (.text:decompress:rle24)
                  0000149a    00000004     driverlib.lib : timer.obj (.text:TimerIntClear)
                  0000149e    00000004     rtsv7M4_T_le_v4SPD16_eabi.lib : pre_init.obj (.text)

.const     0    000014a4    0000016c     
                  000014a4    00000090     driverlib.lib : gpio.obj (.const:g_pui32GPIOBaseAddrs)
                  00001534    00000070                   : interrupt.obj (.const)
                  000015a4    0000006c                   : sysctl.obj (.const:g_pui32Xtals)

.cinit     0    00001610    00000058     
                  00001610    0000002e     (.cinit..data.load) [load image, compression = rle]
                  0000163e    00000002     --HOLE-- [fill = 0]
                  00001640    0000000c     (__TI_handler_table)
                  0000164c    00000004     --HOLE-- [fill = 0]
                  00001650    00000008     (.cinit..bss.load) [load image, compression = zero_init]
                  00001658    00000010     (__TI_cinit_table)

.init_array 
*          0    00000000    00000000     UNINITIALIZED

.data      0    20000200    0000003c     UNINITIALIZED
                  20000200    00000028     lab-3.obj (.data)
                  20000228    00000008     rtsv7M4_T_le_v4SPD16_eabi.lib : _lock.obj (.data)
                  20000230    00000008                                   : exit.obj (.data)
                  20000238    00000004                                   : stkdepth_vars.obj (.data)

.bss       0    2000023c    0000000b     UNINITIALIZED
                  2000023c    00000004     (.common:ui32Load)
                  20000240    00000004     (.common:ui32PWMClock)
                  20000244    00000001     (.common:ui8AdjustBlue)
                  20000245    00000001     (.common:ui8AdjustGreen)
                  20000246    00000001     (.common:ui8AdjustRed)

.stack     0    20000000    00000200     UNINITIALIZED
                  20000000    00000200     --HOLE--

.TI.persistent 
*          0    20000200    00000000     UNINITIALIZED

.TI.noinit 
*          0    2000023c    00000000     UNINITIALIZED


LINKER GENERATED COPY TABLES

__TI_cinit_table @ 00001658 records: 2, size/record: 8, table size: 16
	.data: load addr=00001610, load size=0000002e bytes, run addr=20000200, run size=0000003c bytes, compression=rle
	.bss: load addr=00001650, load size=00000008 bytes, run addr=2000023c, run size=0000000b bytes, compression=zero_init


LINKER GENERATED HANDLER TABLE

__TI_handler_table @ 00001640 records: 3, size/record: 4, table size: 12
	index: 0, handler: __TI_decompress_rle24
	index: 1, handler: __TI_decompress_none
	index: 2, handler: __TI_zero_init


GLOBAL SYMBOLS: SORTED ALPHABETICALLY BY Name 

address   name                    
-------   ----                    
000012a9  C$$EXIT                 
00001451  CPUcpsie                
00001321  GPIODirModeSet          
00000bd5  GPIOPadConfigSet        
00001261  GPIOPinConfigure        
00001489  GPIOPinRead             
000013cd  GPIOPinTypeGPIOInput    
000013df  GPIOPinTypePWM          
000010fd  IntEnable               
00001415  IntMasterEnable         
0000134b  PWMGenConfigure         
0000145d  PWMGenEnable            
00001425  PWMGenPeriodSet         
000013f1  PWMOutputState          
0000136d  PWMPulseWidthSet        
00001475  ResetISR                
UNDEFED   SHT$$INIT_ARRAY$$Base   
UNDEFED   SHT$$INIT_ARRAY$$Limit  
00000d09  SysCtlClockGet          
00000e19  SysCtlClockSet          
0000148f  SysCtlDelay             
000013a5  SysCtlPWMClockSet       
000012ed  SysCtlPeripheralEnable  
00000959  Timer0IntHandler        
00001165  TimerConfigure          
00001435  TimerEnable             
0000149b  TimerIntClear           
00001481  TimerIntEnable          
00001403  TimerLoadSet            
20000200  __STACK_END             
00000200  __STACK_SIZE            
20000200  __STACK_TOP             
00001658  __TI_CINIT_Base         
00001668  __TI_CINIT_Limit        
00001640  __TI_Handler_Table_Base 
0000164c  __TI_Handler_Table_Limit
00001025  __TI_auto_init          
20000230  __TI_cleanup_ptr        
00001443  __TI_decompress_none    
00001495  __TI_decompress_rle24   
20000234  __TI_dtors_ptr          
00000000  __TI_static_base__      
00001469  __TI_zero_init          
00000fa9  __aeabi_memclr          
00000fa9  __aeabi_memclr4         
00000fa9  __aeabi_memclr8         
00000f0d  __aeabi_memcpy          
00000f0d  __aeabi_memcpy4         
00000f0d  __aeabi_memcpy8         
00000fab  __aeabi_memset          
00000fab  __aeabi_memset4         
00000fab  __aeabi_memset8         
ffffffff  __binit__               
ffffffff  __c_args__              
20000000  __stack                 
0000138d  _args_main              
000011c5  _c_int00                
20000228  _lock                   
000013c7  _nop                    
000013bf  _register_lock          
000013b9  _register_unlock        
0000149f  _system_pre_init        
2000022c  _unlock                 
000012ad  abort                   
20000208  angle                   
ffffffff  binit                   
00000541  computeAndSetColors     
00001215  copy_in                 
2000020c  delta                   
000003f3  detectKeyPressSwitchOne 
00000475  detectKeyPressSwitchTwo 
000012b5  exit                    
20000214  factor                  
00000000  g_pfnVectors            
20000200  idleStateSwitchOne      
20000203  idleStateSwitchTwo      
0000039b  main                    
20000238  main_func_sp            
00000f0d  memcpy                  
00000fb1  memset                  
20000218  mode                    
20000201  pressStateSwitchOne     
20000204  pressStateSwitchTwo     
0000026d  pwmConfig               
20000202  releaseStateSwitchOne   
20000205  releaseStateSwitchTwo   
00000791  stateCheck              
20000210  step                    
20000220  sw1Count                
20000224  sw2Count                
00000363  switchPinConfig         
2000023c  ui32Load                
20000240  ui32PWMClock            
20000244  ui8AdjustBlue           
20000245  ui8AdjustGreen          
20000246  ui8AdjustRed            
2000021c  upperCap                


GLOBAL SYMBOLS: SORTED BY Symbol Address 

address   name                    
-------   ----                    
00000000  __TI_static_base__      
00000000  g_pfnVectors            
00000200  __STACK_SIZE            
0000026d  pwmConfig               
00000363  switchPinConfig         
0000039b  main                    
000003f3  detectKeyPressSwitchOne 
00000475  detectKeyPressSwitchTwo 
00000541  computeAndSetColors     
00000791  stateCheck              
00000959  Timer0IntHandler        
00000bd5  GPIOPadConfigSet        
00000d09  SysCtlClockGet          
00000e19  SysCtlClockSet          
00000f0d  __aeabi_memcpy          
00000f0d  __aeabi_memcpy4         
00000f0d  __aeabi_memcpy8         
00000f0d  memcpy                  
00000fa9  __aeabi_memclr          
00000fa9  __aeabi_memclr4         
00000fa9  __aeabi_memclr8         
00000fab  __aeabi_memset          
00000fab  __aeabi_memset4         
00000fab  __aeabi_memset8         
00000fb1  memset                  
00001025  __TI_auto_init          
000010fd  IntEnable               
00001165  TimerConfigure          
000011c5  _c_int00                
00001215  copy_in                 
00001261  GPIOPinConfigure        
000012a9  C$$EXIT                 
000012ad  abort                   
000012b5  exit                    
000012ed  SysCtlPeripheralEnable  
00001321  GPIODirModeSet          
0000134b  PWMGenConfigure         
0000136d  PWMPulseWidthSet        
0000138d  _args_main              
000013a5  SysCtlPWMClockSet       
000013b9  _register_unlock        
000013bf  _register_lock          
000013c7  _nop                    
000013cd  GPIOPinTypeGPIOInput    
000013df  GPIOPinTypePWM          
000013f1  PWMOutputState          
00001403  TimerLoadSet            
00001415  IntMasterEnable         
00001425  PWMGenPeriodSet         
00001435  TimerEnable             
00001443  __TI_decompress_none    
00001451  CPUcpsie                
0000145d  PWMGenEnable            
00001469  __TI_zero_init          
00001475  ResetISR                
00001481  TimerIntEnable          
00001489  GPIOPinRead             
0000148f  SysCtlDelay             
00001495  __TI_decompress_rle24   
0000149b  TimerIntClear           
0000149f  _system_pre_init        
00001640  __TI_Handler_Table_Base 
0000164c  __TI_Handler_Table_Limit
00001658  __TI_CINIT_Base         
00001668  __TI_CINIT_Limit        
20000000  __stack                 
20000200  __STACK_END             
20000200  __STACK_TOP             
20000200  idleStateSwitchOne      
20000201  pressStateSwitchOne     
20000202  releaseStateSwitchOne   
20000203  idleStateSwitchTwo      
20000204  pressStateSwitchTwo     
20000205  releaseStateSwitchTwo   
20000208  angle                   
2000020c  delta                   
20000210  step                    
20000214  factor                  
20000218  mode                    
2000021c  upperCap                
20000220  sw1Count                
20000224  sw2Count                
20000228  _lock                   
2000022c  _unlock                 
20000230  __TI_cleanup_ptr        
20000234  __TI_dtors_ptr          
20000238  main_func_sp            
2000023c  ui32Load                
20000240  ui32PWMClock            
20000244  ui8AdjustBlue           
20000245  ui8AdjustGreen          
20000246  ui8AdjustRed            
ffffffff  __binit__               
ffffffff  __c_args__              
ffffffff  binit                   
UNDEFED   SHT$$INIT_ARRAY$$Base   
UNDEFED   SHT$$INIT_ARRAY$$Limit  

[97 symbols]
