<?xml version="1.0"?>
<link_info>
   <banner>TI ARM Linker Unix v5.2.6</banner>
   <copyright>Copyright (c) 1996-2015 Texas Instruments Incorporated</copyright>
   <link_time>0x56a8815d</link_time>
   <link_errors>0x0</link_errors>
   <output_file>LabOne.out</output_file>
   <entry_point>
      <name>_c_int00</name>
      <address>0x81d</address>
   </entry_point>
   <input_file_list>
      <input_file id="fl-2">
         <path>./</path>
         <kind>object</kind>
         <file>lab-1.obj</file>
         <name>lab-1.obj</name>
      </input_file>
      <input_file id="fl-3">
         <path>./</path>
         <kind>object</kind>
         <file>tm4c123gh6pm_startup_ccs.obj</file>
         <name>tm4c123gh6pm_startup_ccs.obj</name>
      </input_file>
      <input_file id="fl-9">
         <path>/Applications/ti/driverlib/ccs/Debug/</path>
         <kind>archive</kind>
         <file>driverlib.lib</file>
         <name>gpio.obj</name>
      </input_file>
      <input_file id="fl-a">
         <path>/Applications/ti/driverlib/ccs/Debug/</path>
         <kind>archive</kind>
         <file>driverlib.lib</file>
         <name>interrupt.obj</name>
      </input_file>
      <input_file id="fl-b">
         <path>/Applications/ti/driverlib/ccs/Debug/</path>
         <kind>archive</kind>
         <file>driverlib.lib</file>
         <name>sysctl.obj</name>
      </input_file>
      <input_file id="fl-c">
         <path>/Applications/ti/driverlib/ccs/Debug/</path>
         <kind>archive</kind>
         <file>driverlib.lib</file>
         <name>cpu.obj</name>
      </input_file>
      <input_file id="fl-12e">
         <path>/Applications/ti/ccsv6/tools/compiler/ti-cgt-arm_5.2.6/lib/</path>
         <kind>archive</kind>
         <file>rtsv7M4_T_le_v4SPD16_eabi.lib</file>
         <name>boot.obj</name>
      </input_file>
      <input_file id="fl-12f">
         <path>/Applications/ti/ccsv6/tools/compiler/ti-cgt-arm_5.2.6/lib/</path>
         <kind>archive</kind>
         <file>rtsv7M4_T_le_v4SPD16_eabi.lib</file>
         <name>copy_decompress_none.obj</name>
      </input_file>
      <input_file id="fl-130">
         <path>/Applications/ti/ccsv6/tools/compiler/ti-cgt-arm_5.2.6/lib/</path>
         <kind>archive</kind>
         <file>rtsv7M4_T_le_v4SPD16_eabi.lib</file>
         <name>copy_decompress_rle.obj</name>
      </input_file>
      <input_file id="fl-131">
         <path>/Applications/ti/ccsv6/tools/compiler/ti-cgt-arm_5.2.6/lib/</path>
         <kind>archive</kind>
         <file>rtsv7M4_T_le_v4SPD16_eabi.lib</file>
         <name>copy_zero_init.obj</name>
      </input_file>
      <input_file id="fl-132">
         <path>/Applications/ti/ccsv6/tools/compiler/ti-cgt-arm_5.2.6/lib/</path>
         <kind>archive</kind>
         <file>rtsv7M4_T_le_v4SPD16_eabi.lib</file>
         <name>exit.obj</name>
      </input_file>
      <input_file id="fl-133">
         <path>/Applications/ti/ccsv6/tools/compiler/ti-cgt-arm_5.2.6/lib/</path>
         <kind>archive</kind>
         <file>rtsv7M4_T_le_v4SPD16_eabi.lib</file>
         <name>memcpy_t2.obj</name>
      </input_file>
      <input_file id="fl-134">
         <path>/Applications/ti/ccsv6/tools/compiler/ti-cgt-arm_5.2.6/lib/</path>
         <kind>archive</kind>
         <file>rtsv7M4_T_le_v4SPD16_eabi.lib</file>
         <name>memset_t2.obj</name>
      </input_file>
      <input_file id="fl-135">
         <path>/Applications/ti/ccsv6/tools/compiler/ti-cgt-arm_5.2.6/lib/</path>
         <kind>archive</kind>
         <file>rtsv7M4_T_le_v4SPD16_eabi.lib</file>
         <name>pre_init.obj</name>
      </input_file>
      <input_file id="fl-136">
         <path>/Applications/ti/ccsv6/tools/compiler/ti-cgt-arm_5.2.6/lib/</path>
         <kind>archive</kind>
         <file>rtsv7M4_T_le_v4SPD16_eabi.lib</file>
         <name>stkdepth_vars.obj</name>
      </input_file>
      <input_file id="fl-137">
         <path>/Applications/ti/ccsv6/tools/compiler/ti-cgt-arm_5.2.6/lib/</path>
         <kind>archive</kind>
         <file>rtsv7M4_T_le_v4SPD16_eabi.lib</file>
         <name>_lock.obj</name>
      </input_file>
      <input_file id="fl-138">
         <path>/Applications/ti/ccsv6/tools/compiler/ti-cgt-arm_5.2.6/lib/</path>
         <kind>archive</kind>
         <file>rtsv7M4_T_le_v4SPD16_eabi.lib</file>
         <name>args_main.obj</name>
      </input_file>
      <input_file id="fl-139">
         <path>/Applications/ti/ccsv6/tools/compiler/ti-cgt-arm_5.2.6/lib/</path>
         <kind>archive</kind>
         <file>rtsv7M4_T_le_v4SPD16_eabi.lib</file>
         <name>autoinit.obj</name>
      </input_file>
      <input_file id="fl-13a">
         <path>/Applications/ti/ccsv6/tools/compiler/ti-cgt-arm_5.2.6/lib/</path>
         <kind>archive</kind>
         <file>rtsv7M4_T_le_v4SPD16_eabi.lib</file>
         <name>cpy_tbl.obj</name>
      </input_file>
   </input_file_list>
   <object_component_list>
      <object_component id="oc-f">
         <name>.intvecs</name>
         <load_address>0x0</load_address>
         <run_address>0x0</run_address>
         <size>0x26c</size>
         <input_file_ref idref="fl-3"/>
      </object_component>
      <object_component id="oc-9d">
         <name>.text</name>
         <load_address>0x26c</load_address>
         <run_address>0x26c</run_address>
         <size>0x198</size>
         <input_file_ref idref="fl-2"/>
      </object_component>
      <object_component id="oc-dc">
         <name>.text:GPIOPadConfigSet</name>
         <load_address>0x404</load_address>
         <run_address>0x404</run_address>
         <size>0x132</size>
         <input_file_ref idref="fl-9"/>
      </object_component>
      <object_component id="oc-be">
         <name>.text:SysCtlClockSet</name>
         <load_address>0x538</load_address>
         <run_address>0x538</run_address>
         <size>0xf4</size>
         <input_file_ref idref="fl-b"/>
      </object_component>
      <object_component id="oc-33">
         <name>.text</name>
         <load_address>0x62c</load_address>
         <run_address>0x62c</run_address>
         <size>0x9c</size>
         <input_file_ref idref="fl-133"/>
      </object_component>
      <object_component id="oc-4c">
         <name>.text</name>
         <load_address>0x6c8</load_address>
         <run_address>0x6c8</run_address>
         <size>0x7a</size>
         <input_file_ref idref="fl-134"/>
      </object_component>
      <object_component id="oc-5e">
         <name>.text</name>
         <load_address>0x744</load_address>
         <run_address>0x744</run_address>
         <size>0x6c</size>
         <input_file_ref idref="fl-139"/>
      </object_component>
      <object_component id="oc-3f">
         <name>.text</name>
         <load_address>0x7b0</load_address>
         <run_address>0x7b0</run_address>
         <size>0x6a</size>
         <input_file_ref idref="fl-130"/>
      </object_component>
      <object_component id="oc-24">
         <name>.text</name>
         <load_address>0x81c</load_address>
         <run_address>0x81c</run_address>
         <size>0x50</size>
         <input_file_ref idref="fl-12e"/>
      </object_component>
      <object_component id="oc-95">
         <name>.text</name>
         <load_address>0x86c</load_address>
         <run_address>0x86c</run_address>
         <size>0x4c</size>
         <input_file_ref idref="fl-13a"/>
      </object_component>
      <object_component id="oc-6a">
         <name>.text</name>
         <load_address>0x8b8</load_address>
         <run_address>0x8b8</run_address>
         <size>0x44</size>
         <input_file_ref idref="fl-132"/>
      </object_component>
      <object_component id="oc-c4">
         <name>.text:SysCtlPeripheralEnable</name>
         <load_address>0x8fc</load_address>
         <run_address>0x8fc</run_address>
         <size>0x34</size>
         <input_file_ref idref="fl-b"/>
      </object_component>
      <object_component id="oc-d0">
         <name>.text:GPIODirModeSet</name>
         <load_address>0x930</load_address>
         <run_address>0x930</run_address>
         <size>0x2a</size>
         <input_file_ref idref="fl-9"/>
      </object_component>
      <object_component id="oc-ca">
         <name>.text:GPIOPinTypeGPIOOutput</name>
         <load_address>0x95a</load_address>
         <run_address>0x95a</run_address>
         <size>0x18</size>
         <input_file_ref idref="fl-9"/>
      </object_component>
      <object_component id="oc-64">
         <name>.text</name>
         <load_address>0x974</load_address>
         <run_address>0x974</run_address>
         <size>0x18</size>
         <input_file_ref idref="fl-138"/>
      </object_component>
      <object_component id="oc-fb">
         <name>.text</name>
         <load_address>0x98c</load_address>
         <run_address>0x98c</run_address>
         <size>0x14</size>
         <input_file_ref idref="fl-137"/>
      </object_component>
      <object_component id="oc-d6">
         <name>.text:GPIOPinTypeGPIOInput</name>
         <load_address>0x9a0</load_address>
         <run_address>0x9a0</run_address>
         <size>0x12</size>
         <input_file_ref idref="fl-9"/>
      </object_component>
      <object_component id="oc-12">
         <name>.text:decompress:none</name>
         <load_address>0x9b2</load_address>
         <run_address>0x9b2</run_address>
         <size>0xe</size>
         <input_file_ref idref="fl-12f"/>
      </object_component>
      <object_component id="oc-1e">
         <name>.text:decompress:ZI</name>
         <load_address>0x9c0</load_address>
         <run_address>0x9c0</run_address>
         <size>0xc</size>
         <input_file_ref idref="fl-131"/>
      </object_component>
      <object_component id="oc-2a">
         <name>.text</name>
         <load_address>0x9cc</load_address>
         <run_address>0x9cc</run_address>
         <size>0xc</size>
         <input_file_ref idref="fl-3"/>
      </object_component>
      <object_component id="oc-e2">
         <name>.text:GPIOPinRead</name>
         <load_address>0x9d8</load_address>
         <run_address>0x9d8</run_address>
         <size>0x6</size>
         <input_file_ref idref="fl-9"/>
      </object_component>
      <object_component id="oc-e9">
         <name>.text:GPIOPinWrite</name>
         <load_address>0x9de</load_address>
         <run_address>0x9de</run_address>
         <size>0x6</size>
         <input_file_ref idref="fl-9"/>
      </object_component>
      <object_component id="oc-e8">
         <name>.text:SysCtlDelay</name>
         <load_address>0x9e4</load_address>
         <run_address>0x9e4</run_address>
         <size>0x6</size>
         <input_file_ref idref="fl-b"/>
      </object_component>
      <object_component id="oc-18">
         <name>.text:decompress:rle24</name>
         <load_address>0x9ea</load_address>
         <run_address>0x9ea</run_address>
         <size>0x6</size>
         <input_file_ref idref="fl-130"/>
      </object_component>
      <object_component id="oc-58">
         <name>.text</name>
         <load_address>0x9f0</load_address>
         <run_address>0x9f0</run_address>
         <size>0x4</size>
         <input_file_ref idref="fl-135"/>
      </object_component>
      <object_component id="oc-150">
         <name>.cinit..data.load</name>
         <load_address>0x9f8</load_address>
         <run_address>0x9f8</run_address>
         <size>0xf</size>
      </object_component>
      <object_component id="oc-14e">
         <name>__TI_handler_table</name>
         <load_address>0xa08</load_address>
         <run_address>0xa08</run_address>
         <size>0xc</size>
      </object_component>
      <object_component id="oc-151">
         <name>.cinit..bss.load</name>
         <load_address>0xa18</load_address>
         <run_address>0xa18</run_address>
         <size>0x8</size>
      </object_component>
      <object_component id="oc-14f">
         <name>__TI_cinit_table</name>
         <load_address>0xa20</load_address>
         <run_address>0xa20</run_address>
         <size>0x10</size>
      </object_component>
      <object_component id="oc-29">
         <name>.stack</name>
         <uninitialized>true</uninitialized>
         <run_address>0x20000000</run_address>
         <size>0x0</size>
         <input_file_ref idref="fl-12e"/>
      </object_component>
      <object_component id="oc-152">
         <name>.stack</name>
         <uninitialized>true</uninitialized>
         <run_address>0x20000000</run_address>
         <size>0x0</size>
      </object_component>
      <object_component id="oc-ef">
         <name>.common:buttonStatus</name>
         <uninitialized>true</uninitialized>
         <run_address>0x20000214</run_address>
         <size>0x1</size>
      </object_component>
      <object_component id="oc-f2">
         <name>.common:sw2Status</name>
         <uninitialized>true</uninitialized>
         <run_address>0x20000215</run_address>
         <size>0x1</size>
      </object_component>
      <object_component id="oc-a8">
         <name>.data</name>
         <load_address>0x20000208</load_address>
         <run_address>0x20000208</run_address>
         <size>0x8</size>
         <input_file_ref idref="fl-132"/>
      </object_component>
      <object_component id="oc-70">
         <name>.data</name>
         <load_address>0x20000210</load_address>
         <run_address>0x20000210</run_address>
         <size>0x4</size>
         <input_file_ref idref="fl-136"/>
      </object_component>
      <object_component id="oc-a5">
         <name>.data</name>
         <load_address>0x20000200</load_address>
         <run_address>0x20000200</run_address>
         <size>0x8</size>
         <input_file_ref idref="fl-137"/>
      </object_component>
      <object_component id="oc-f0">
         <name>.debug_info</name>
         <load_address>0x0</load_address>
         <run_address>0x0</run_address>
         <size>0x303</size>
         <input_file_ref idref="fl-2"/>
      </object_component>
      <object_component id="oc-9e">
         <name>.debug_info</name>
         <load_address>0x303</load_address>
         <run_address>0x303</run_address>
         <size>0x41f</size>
         <input_file_ref idref="fl-2"/>
      </object_component>
      <object_component id="oc-77">
         <name>.debug_info</name>
         <load_address>0x722</load_address>
         <run_address>0x722</run_address>
         <size>0x84</size>
         <input_file_ref idref="fl-2"/>
      </object_component>
      <object_component id="oc-7c">
         <name>.debug_info</name>
         <load_address>0x7a6</load_address>
         <run_address>0x7a6</run_address>
         <size>0x18b</size>
         <input_file_ref idref="fl-2"/>
      </object_component>
      <object_component id="oc-32">
         <name>.debug_info</name>
         <load_address>0x931</load_address>
         <run_address>0x931</run_address>
         <size>0x107</size>
         <input_file_ref idref="fl-3"/>
      </object_component>
      <object_component id="oc-10">
         <name>.debug_info</name>
         <load_address>0xa38</load_address>
         <run_address>0xa38</run_address>
         <size>0xec</size>
         <input_file_ref idref="fl-3"/>
      </object_component>
      <object_component id="oc-2b">
         <name>.debug_info</name>
         <load_address>0xb24</load_address>
         <run_address>0xb24</run_address>
         <size>0x268</size>
         <input_file_ref idref="fl-3"/>
      </object_component>
      <object_component id="oc-114">
         <name>.debug_info</name>
         <load_address>0xd8c</load_address>
         <run_address>0xd8c</run_address>
         <size>0x230</size>
         <input_file_ref idref="fl-9"/>
      </object_component>
      <object_component id="oc-ea">
         <name>.debug_info</name>
         <load_address>0xfbc</load_address>
         <run_address>0xfbc</run_address>
         <size>0x2a3</size>
         <input_file_ref idref="fl-9"/>
      </object_component>
      <object_component id="oc-d1">
         <name>.debug_info</name>
         <load_address>0x125f</load_address>
         <run_address>0x125f</run_address>
         <size>0x2b3</size>
         <input_file_ref idref="fl-9"/>
      </object_component>
      <object_component id="oc-dd">
         <name>.debug_info</name>
         <load_address>0x1512</load_address>
         <run_address>0x1512</run_address>
         <size>0x316</size>
         <input_file_ref idref="fl-9"/>
      </object_component>
      <object_component id="oc-cb">
         <name>.debug_info</name>
         <load_address>0x1828</load_address>
         <run_address>0x1828</run_address>
         <size>0x2b7</size>
         <input_file_ref idref="fl-9"/>
      </object_component>
      <object_component id="oc-d7">
         <name>.debug_info</name>
         <load_address>0x1adf</load_address>
         <run_address>0x1adf</run_address>
         <size>0x285</size>
         <input_file_ref idref="fl-9"/>
      </object_component>
      <object_component id="oc-e3">
         <name>.debug_info</name>
         <load_address>0x1d64</load_address>
         <run_address>0x1d64</run_address>
         <size>0x27b</size>
         <input_file_ref idref="fl-9"/>
      </object_component>
      <object_component id="oc-118">
         <name>.debug_info</name>
         <load_address>0x1fdf</load_address>
         <run_address>0x1fdf</run_address>
         <size>0x8b</size>
         <input_file_ref idref="fl-9"/>
      </object_component>
      <object_component id="oc-111">
         <name>.debug_info</name>
         <load_address>0x206a</load_address>
         <run_address>0x206a</run_address>
         <size>0x27f</size>
         <input_file_ref idref="fl-b"/>
      </object_component>
      <object_component id="oc-c5">
         <name>.debug_info</name>
         <load_address>0x22e9</load_address>
         <run_address>0x22e9</run_address>
         <size>0x27d</size>
         <input_file_ref idref="fl-b"/>
      </object_component>
      <object_component id="oc-bf">
         <name>.debug_info</name>
         <load_address>0x2566</load_address>
         <run_address>0x2566</run_address>
         <size>0x2db</size>
         <input_file_ref idref="fl-b"/>
      </object_component>
      <object_component id="oc-126">
         <name>.debug_info</name>
         <load_address>0x2841</load_address>
         <run_address>0x2841</run_address>
         <size>0x5f</size>
         <input_file_ref idref="fl-b"/>
      </object_component>
      <object_component id="oc-25">
         <name>.debug_info</name>
         <load_address>0x28a0</load_address>
         <run_address>0x28a0</run_address>
         <size>0x134</size>
         <input_file_ref idref="fl-12e"/>
      </object_component>
      <object_component id="oc-3e">
         <name>.debug_info</name>
         <load_address>0x29d4</load_address>
         <run_address>0x29d4</run_address>
         <size>0x121</size>
         <input_file_ref idref="fl-12f"/>
      </object_component>
      <object_component id="oc-15">
         <name>.debug_info</name>
         <load_address>0x2af5</load_address>
         <run_address>0x2af5</run_address>
         <size>0x1c0</size>
         <input_file_ref idref="fl-12f"/>
      </object_component>
      <object_component id="oc-39">
         <name>.debug_info</name>
         <load_address>0x2cb5</load_address>
         <run_address>0x2cb5</run_address>
         <size>0x46</size>
         <input_file_ref idref="fl-12f"/>
      </object_component>
      <object_component id="oc-82">
         <name>.debug_info</name>
         <load_address>0x2cfb</load_address>
         <run_address>0x2cfb</run_address>
         <size>0x2c</size>
         <input_file_ref idref="fl-12f"/>
      </object_component>
      <object_component id="oc-46">
         <name>.debug_info</name>
         <load_address>0x2d27</load_address>
         <run_address>0x2d27</run_address>
         <size>0x115</size>
         <input_file_ref idref="fl-130"/>
      </object_component>
      <object_component id="oc-42">
         <name>.debug_info</name>
         <load_address>0x2e3c</load_address>
         <run_address>0x2e3c</run_address>
         <size>0x228</size>
         <input_file_ref idref="fl-130"/>
      </object_component>
      <object_component id="oc-1b">
         <name>.debug_info</name>
         <load_address>0x3064</load_address>
         <run_address>0x3064</run_address>
         <size>0x192</size>
         <input_file_ref idref="fl-130"/>
      </object_component>
      <object_component id="oc-47">
         <name>.debug_info</name>
         <load_address>0x31f6</load_address>
         <run_address>0x31f6</run_address>
         <size>0x39</size>
         <input_file_ref idref="fl-130"/>
      </object_component>
      <object_component id="oc-8c">
         <name>.debug_info</name>
         <load_address>0x322f</load_address>
         <run_address>0x322f</run_address>
         <size>0x2c</size>
         <input_file_ref idref="fl-130"/>
      </object_component>
      <object_component id="oc-57">
         <name>.debug_info</name>
         <load_address>0x325b</load_address>
         <run_address>0x325b</run_address>
         <size>0x110</size>
         <input_file_ref idref="fl-131"/>
      </object_component>
      <object_component id="oc-1f">
         <name>.debug_info</name>
         <load_address>0x336b</load_address>
         <run_address>0x336b</run_address>
         <size>0x18b</size>
         <input_file_ref idref="fl-131"/>
      </object_component>
      <object_component id="oc-52">
         <name>.debug_info</name>
         <load_address>0x34f6</load_address>
         <run_address>0x34f6</run_address>
         <size>0x46</size>
         <input_file_ref idref="fl-131"/>
      </object_component>
      <object_component id="oc-ac">
         <name>.debug_info</name>
         <load_address>0x353c</load_address>
         <run_address>0x353c</run_address>
         <size>0x172</size>
         <input_file_ref idref="fl-132"/>
      </object_component>
      <object_component id="oc-a9">
         <name>.debug_info</name>
         <load_address>0x36ae</load_address>
         <run_address>0x36ae</run_address>
         <size>0x117</size>
         <input_file_ref idref="fl-132"/>
      </object_component>
      <object_component id="oc-6b">
         <name>.debug_info</name>
         <load_address>0x37c5</load_address>
         <run_address>0x37c5</run_address>
         <size>0x1ee</size>
         <input_file_ref idref="fl-132"/>
      </object_component>
      <object_component id="oc-34">
         <name>.debug_info</name>
         <load_address>0x39b3</load_address>
         <run_address>0x39b3</run_address>
         <size>0xf6</size>
         <input_file_ref idref="fl-133"/>
      </object_component>
      <object_component id="oc-4d">
         <name>.debug_info</name>
         <load_address>0x3aa9</load_address>
         <run_address>0x3aa9</run_address>
         <size>0x124</size>
         <input_file_ref idref="fl-134"/>
      </object_component>
      <object_component id="oc-59">
         <name>.debug_info</name>
         <load_address>0x3bcd</load_address>
         <run_address>0x3bcd</run_address>
         <size>0x129</size>
         <input_file_ref idref="fl-135"/>
      </object_component>
      <object_component id="oc-71">
         <name>.debug_info</name>
         <load_address>0x3cf6</load_address>
         <run_address>0x3cf6</run_address>
         <size>0xea</size>
         <input_file_ref idref="fl-136"/>
      </object_component>
      <object_component id="oc-103">
         <name>.debug_info</name>
         <load_address>0x3de0</load_address>
         <run_address>0x3de0</run_address>
         <size>0x105</size>
         <input_file_ref idref="fl-137"/>
      </object_component>
      <object_component id="oc-a6">
         <name>.debug_info</name>
         <load_address>0x3ee5</load_address>
         <run_address>0x3ee5</run_address>
         <size>0xf4</size>
         <input_file_ref idref="fl-137"/>
      </object_component>
      <object_component id="oc-fc">
         <name>.debug_info</name>
         <load_address>0x3fd9</load_address>
         <run_address>0x3fd9</run_address>
         <size>0x200</size>
         <input_file_ref idref="fl-137"/>
      </object_component>
      <object_component id="oc-a4">
         <name>.debug_info</name>
         <load_address>0x41d9</load_address>
         <run_address>0x41d9</run_address>
         <size>0x147</size>
         <input_file_ref idref="fl-138"/>
      </object_component>
      <object_component id="oc-65">
         <name>.debug_info</name>
         <load_address>0x4320</load_address>
         <run_address>0x4320</run_address>
         <size>0x148</size>
         <input_file_ref idref="fl-138"/>
      </object_component>
      <object_component id="oc-f6">
         <name>.debug_info</name>
         <load_address>0x4468</load_address>
         <run_address>0x4468</run_address>
         <size>0x5e</size>
         <input_file_ref idref="fl-138"/>
      </object_component>
      <object_component id="oc-9c">
         <name>.debug_info</name>
         <load_address>0x44c6</load_address>
         <run_address>0x44c6</run_address>
         <size>0x29e</size>
         <input_file_ref idref="fl-139"/>
      </object_component>
      <object_component id="oc-5f">
         <name>.debug_info</name>
         <load_address>0x4764</load_address>
         <run_address>0x4764</run_address>
         <size>0x158</size>
         <input_file_ref idref="fl-139"/>
      </object_component>
      <object_component id="oc-b4">
         <name>.debug_info</name>
         <load_address>0x48bc</load_address>
         <run_address>0x48bc</run_address>
         <size>0x39</size>
         <input_file_ref idref="fl-139"/>
      </object_component>
      <object_component id="oc-b9">
         <name>.debug_info</name>
         <load_address>0x48f5</load_address>
         <run_address>0x48f5</run_address>
         <size>0xcd</size>
         <input_file_ref idref="fl-139"/>
      </object_component>
      <object_component id="oc-b1">
         <name>.debug_info</name>
         <load_address>0x49c2</load_address>
         <run_address>0x49c2</run_address>
         <size>0x1c1</size>
         <input_file_ref idref="fl-13a"/>
      </object_component>
      <object_component id="oc-96">
         <name>.debug_info</name>
         <load_address>0x4b83</load_address>
         <run_address>0x4b83</run_address>
         <size>0x164</size>
         <input_file_ref idref="fl-13a"/>
      </object_component>
      <object_component id="oc-10b">
         <name>.debug_info</name>
         <load_address>0x4ce7</load_address>
         <run_address>0x4ce7</run_address>
         <size>0x2c</size>
         <input_file_ref idref="fl-13a"/>
      </object_component>
      <object_component id="oc-153">
         <name>.debug_info</name>
         <load_address>0x4d13</load_address>
         <run_address>0x4d13</run_address>
         <size>0xa6</size>
      </object_component>
      <object_component id="oc-120">
         <name>.debug_line</name>
         <load_address>0x0</load_address>
         <run_address>0x0</run_address>
         <size>0x7a</size>
         <input_file_ref idref="fl-2"/>
      </object_component>
      <object_component id="oc-a1">
         <name>.debug_line</name>
         <load_address>0x7a</load_address>
         <run_address>0x7a</run_address>
         <size>0x11b</size>
         <input_file_ref idref="fl-2"/>
      </object_component>
      <object_component id="oc-7a">
         <name>.debug_line</name>
         <load_address>0x195</load_address>
         <run_address>0x195</run_address>
         <size>0x20</size>
         <input_file_ref idref="fl-2"/>
      </object_component>
      <object_component id="oc-7f">
         <name>.debug_line</name>
         <load_address>0x1b5</load_address>
         <run_address>0x1b5</run_address>
         <size>0x6b</size>
         <input_file_ref idref="fl-2"/>
      </object_component>
      <object_component id="oc-76">
         <name>.debug_line</name>
         <load_address>0x220</load_address>
         <run_address>0x220</run_address>
         <size>0x41</size>
         <input_file_ref idref="fl-3"/>
      </object_component>
      <object_component id="oc-31">
         <name>.debug_line</name>
         <load_address>0x261</load_address>
         <run_address>0x261</run_address>
         <size>0x41</size>
         <input_file_ref idref="fl-3"/>
      </object_component>
      <object_component id="oc-2e">
         <name>.debug_line</name>
         <load_address>0x2a2</load_address>
         <run_address>0x2a2</run_address>
         <size>0xa1</size>
         <input_file_ref idref="fl-3"/>
      </object_component>
      <object_component id="oc-12c">
         <name>.debug_line</name>
         <load_address>0x343</load_address>
         <run_address>0x343</run_address>
         <size>0x82</size>
         <input_file_ref idref="fl-9"/>
      </object_component>
      <object_component id="oc-ed">
         <name>.debug_line</name>
         <load_address>0x3c5</load_address>
         <run_address>0x3c5</run_address>
         <size>0x92</size>
         <input_file_ref idref="fl-9"/>
      </object_component>
      <object_component id="oc-d4">
         <name>.debug_line</name>
         <load_address>0x457</load_address>
         <run_address>0x457</run_address>
         <size>0x95</size>
         <input_file_ref idref="fl-9"/>
      </object_component>
      <object_component id="oc-e0">
         <name>.debug_line</name>
         <load_address>0x4ec</load_address>
         <run_address>0x4ec</run_address>
         <size>0xd1</size>
         <input_file_ref idref="fl-9"/>
      </object_component>
      <object_component id="oc-ce">
         <name>.debug_line</name>
         <load_address>0x5bd</load_address>
         <run_address>0x5bd</run_address>
         <size>0x99</size>
         <input_file_ref idref="fl-9"/>
      </object_component>
      <object_component id="oc-da">
         <name>.debug_line</name>
         <load_address>0x656</load_address>
         <run_address>0x656</run_address>
         <size>0x93</size>
         <input_file_ref idref="fl-9"/>
      </object_component>
      <object_component id="oc-e6">
         <name>.debug_line</name>
         <load_address>0x6e9</load_address>
         <run_address>0x6e9</run_address>
         <size>0x92</size>
         <input_file_ref idref="fl-9"/>
      </object_component>
      <object_component id="oc-11b">
         <name>.debug_line</name>
         <load_address>0x77b</load_address>
         <run_address>0x77b</run_address>
         <size>0x20</size>
         <input_file_ref idref="fl-9"/>
      </object_component>
      <object_component id="oc-125">
         <name>.debug_line</name>
         <load_address>0x79b</load_address>
         <run_address>0x79b</run_address>
         <size>0x13d</size>
         <input_file_ref idref="fl-b"/>
      </object_component>
      <object_component id="oc-c8">
         <name>.debug_line</name>
         <load_address>0x8d8</load_address>
         <run_address>0x8d8</run_address>
         <size>0x94</size>
         <input_file_ref idref="fl-b"/>
      </object_component>
      <object_component id="oc-c2">
         <name>.debug_line</name>
         <load_address>0x96c</load_address>
         <run_address>0x96c</run_address>
         <size>0xee</size>
         <input_file_ref idref="fl-b"/>
      </object_component>
      <object_component id="oc-129">
         <name>.debug_line</name>
         <load_address>0xa5a</load_address>
         <run_address>0xa5a</run_address>
         <size>0x7f</size>
         <input_file_ref idref="fl-b"/>
      </object_component>
      <object_component id="oc-28">
         <name>.debug_line</name>
         <load_address>0xad9</load_address>
         <run_address>0xad9</run_address>
         <size>0x52</size>
         <input_file_ref idref="fl-12e"/>
      </object_component>
      <object_component id="oc-88">
         <name>.debug_line</name>
         <load_address>0xb2b</load_address>
         <run_address>0xb2b</run_address>
         <size>0x80</size>
         <input_file_ref idref="fl-12f"/>
      </object_component>
      <object_component id="oc-17">
         <name>.debug_line</name>
         <load_address>0xbab</load_address>
         <run_address>0xbab</run_address>
         <size>0x55</size>
         <input_file_ref idref="fl-12f"/>
      </object_component>
      <object_component id="oc-3c">
         <name>.debug_line</name>
         <load_address>0xc00</load_address>
         <run_address>0xc00</run_address>
         <size>0x3a</size>
         <input_file_ref idref="fl-12f"/>
      </object_component>
      <object_component id="oc-85">
         <name>.debug_line</name>
         <load_address>0xc3a</load_address>
         <run_address>0xc3a</run_address>
         <size>0x80</size>
         <input_file_ref idref="fl-12f"/>
      </object_component>
      <object_component id="oc-8b">
         <name>.debug_line</name>
         <load_address>0xcba</load_address>
         <run_address>0xcba</run_address>
         <size>0x80</size>
         <input_file_ref idref="fl-130"/>
      </object_component>
      <object_component id="oc-44">
         <name>.debug_line</name>
         <load_address>0xd3a</load_address>
         <run_address>0xd3a</run_address>
         <size>0x98</size>
         <input_file_ref idref="fl-130"/>
      </object_component>
      <object_component id="oc-1d">
         <name>.debug_line</name>
         <load_address>0xdd2</load_address>
         <run_address>0xdd2</run_address>
         <size>0x4b</size>
         <input_file_ref idref="fl-130"/>
      </object_component>
      <object_component id="oc-4a">
         <name>.debug_line</name>
         <load_address>0xe1d</load_address>
         <run_address>0xe1d</run_address>
         <size>0x39</size>
         <input_file_ref idref="fl-130"/>
      </object_component>
      <object_component id="oc-8f">
         <name>.debug_line</name>
         <load_address>0xe56</load_address>
         <run_address>0xe56</run_address>
         <size>0x80</size>
         <input_file_ref idref="fl-130"/>
      </object_component>
      <object_component id="oc-93">
         <name>.debug_line</name>
         <load_address>0xed6</load_address>
         <run_address>0xed6</run_address>
         <size>0x80</size>
         <input_file_ref idref="fl-131"/>
      </object_component>
      <object_component id="oc-22">
         <name>.debug_line</name>
         <load_address>0xf56</load_address>
         <run_address>0xf56</run_address>
         <size>0x4f</size>
         <input_file_ref idref="fl-131"/>
      </object_component>
      <object_component id="oc-55">
         <name>.debug_line</name>
         <load_address>0xfa5</load_address>
         <run_address>0xfa5</run_address>
         <size>0x34</size>
         <input_file_ref idref="fl-131"/>
      </object_component>
      <object_component id="oc-108">
         <name>.debug_line</name>
         <load_address>0xfd9</load_address>
         <run_address>0xfd9</run_address>
         <size>0x7f</size>
         <input_file_ref idref="fl-132"/>
      </object_component>
      <object_component id="oc-106">
         <name>.debug_line</name>
         <load_address>0x1058</load_address>
         <run_address>0x1058</run_address>
         <size>0x2a</size>
         <input_file_ref idref="fl-132"/>
      </object_component>
      <object_component id="oc-6e">
         <name>.debug_line</name>
         <load_address>0x1082</load_address>
         <run_address>0x1082</run_address>
         <size>0x7a</size>
         <input_file_ref idref="fl-132"/>
      </object_component>
      <object_component id="oc-37">
         <name>.debug_line</name>
         <load_address>0x10fc</load_address>
         <run_address>0x10fc</run_address>
         <size>0x88</size>
         <input_file_ref idref="fl-133"/>
      </object_component>
      <object_component id="oc-50">
         <name>.debug_line</name>
         <load_address>0x1184</load_address>
         <run_address>0x1184</run_address>
         <size>0x79</size>
         <input_file_ref idref="fl-134"/>
      </object_component>
      <object_component id="oc-5c">
         <name>.debug_line</name>
         <load_address>0x11fd</load_address>
         <run_address>0x11fd</run_address>
         <size>0x40</size>
         <input_file_ref idref="fl-135"/>
      </object_component>
      <object_component id="oc-af">
         <name>.debug_line</name>
         <load_address>0x123d</load_address>
         <run_address>0x123d</run_address>
         <size>0x33</size>
         <input_file_ref idref="fl-136"/>
      </object_component>
      <object_component id="oc-123">
         <name>.debug_line</name>
         <load_address>0x1270</load_address>
         <run_address>0x1270</run_address>
         <size>0x20</size>
         <input_file_ref idref="fl-137"/>
      </object_component>
      <object_component id="oc-102">
         <name>.debug_line</name>
         <load_address>0x1290</load_address>
         <run_address>0x1290</run_address>
         <size>0x2b</size>
         <input_file_ref idref="fl-137"/>
      </object_component>
      <object_component id="oc-ff">
         <name>.debug_line</name>
         <load_address>0x12bb</load_address>
         <run_address>0x12bb</run_address>
         <size>0x68</size>
         <input_file_ref idref="fl-137"/>
      </object_component>
      <object_component id="oc-f5">
         <name>.debug_line</name>
         <load_address>0x1323</load_address>
         <run_address>0x1323</run_address>
         <size>0x2b</size>
         <input_file_ref idref="fl-138"/>
      </object_component>
      <object_component id="oc-68">
         <name>.debug_line</name>
         <load_address>0x134e</load_address>
         <run_address>0x134e</run_address>
         <size>0x50</size>
         <input_file_ref idref="fl-138"/>
      </object_component>
      <object_component id="oc-f9">
         <name>.debug_line</name>
         <load_address>0x139e</load_address>
         <run_address>0x139e</run_address>
         <size>0x2b</size>
         <input_file_ref idref="fl-138"/>
      </object_component>
      <object_component id="oc-b3">
         <name>.debug_line</name>
         <load_address>0x13c9</load_address>
         <run_address>0x13c9</run_address>
         <size>0x8f</size>
         <input_file_ref idref="fl-139"/>
      </object_component>
      <object_component id="oc-62">
         <name>.debug_line</name>
         <load_address>0x1458</load_address>
         <run_address>0x1458</run_address>
         <size>0x79</size>
         <input_file_ref idref="fl-139"/>
      </object_component>
      <object_component id="oc-b7">
         <name>.debug_line</name>
         <load_address>0x14d1</load_address>
         <run_address>0x14d1</run_address>
         <size>0x2e</size>
         <input_file_ref idref="fl-139"/>
      </object_component>
      <object_component id="oc-bc">
         <name>.debug_line</name>
         <load_address>0x14ff</load_address>
         <run_address>0x14ff</run_address>
         <size>0x81</size>
         <input_file_ref idref="fl-139"/>
      </object_component>
      <object_component id="oc-10a">
         <name>.debug_line</name>
         <load_address>0x1580</load_address>
         <run_address>0x1580</run_address>
         <size>0x8e</size>
         <input_file_ref idref="fl-13a"/>
      </object_component>
      <object_component id="oc-99">
         <name>.debug_line</name>
         <load_address>0x160e</load_address>
         <run_address>0x160e</run_address>
         <size>0x68</size>
         <input_file_ref idref="fl-13a"/>
      </object_component>
      <object_component id="oc-10e">
         <name>.debug_line</name>
         <load_address>0x1676</load_address>
         <run_address>0x1676</run_address>
         <size>0x2e</size>
         <input_file_ref idref="fl-13a"/>
      </object_component>
      <object_component id="oc-a2">
         <name>.debug_frame</name>
         <load_address>0x0</load_address>
         <run_address>0x0</run_address>
         <size>0xeb</size>
         <input_file_ref idref="fl-2"/>
      </object_component>
      <object_component id="oc-2f">
         <name>.debug_frame</name>
         <load_address>0xeb</load_address>
         <run_address>0xeb</run_address>
         <size>0xb2</size>
         <input_file_ref idref="fl-3"/>
      </object_component>
      <object_component id="oc-ee">
         <name>.debug_frame</name>
         <load_address>0x19d</load_address>
         <run_address>0x19d</run_address>
         <size>0x7f</size>
         <input_file_ref idref="fl-9"/>
      </object_component>
      <object_component id="oc-d5">
         <name>.debug_frame</name>
         <load_address>0x21c</load_address>
         <run_address>0x21c</run_address>
         <size>0x7f</size>
         <input_file_ref idref="fl-9"/>
      </object_component>
      <object_component id="oc-e1">
         <name>.debug_frame</name>
         <load_address>0x29b</load_address>
         <run_address>0x29b</run_address>
         <size>0x8f</size>
         <input_file_ref idref="fl-9"/>
      </object_component>
      <object_component id="oc-cf">
         <name>.debug_frame</name>
         <load_address>0x32a</load_address>
         <run_address>0x32a</run_address>
         <size>0x8a</size>
         <input_file_ref idref="fl-9"/>
      </object_component>
      <object_component id="oc-db">
         <name>.debug_frame</name>
         <load_address>0x3b4</load_address>
         <run_address>0x3b4</run_address>
         <size>0x86</size>
         <input_file_ref idref="fl-9"/>
      </object_component>
      <object_component id="oc-e7">
         <name>.debug_frame</name>
         <load_address>0x43a</load_address>
         <run_address>0x43a</run_address>
         <size>0x7f</size>
         <input_file_ref idref="fl-9"/>
      </object_component>
      <object_component id="oc-c9">
         <name>.debug_frame</name>
         <load_address>0x4b9</load_address>
         <run_address>0x4b9</run_address>
         <size>0x7f</size>
         <input_file_ref idref="fl-b"/>
      </object_component>
      <object_component id="oc-c3">
         <name>.debug_frame</name>
         <load_address>0x538</load_address>
         <run_address>0x538</run_address>
         <size>0x93</size>
         <input_file_ref idref="fl-b"/>
      </object_component>
      <object_component id="oc-13">
         <name>.debug_frame</name>
         <load_address>0x5cb</load_address>
         <run_address>0x5cb</run_address>
         <size>0x7f</size>
         <input_file_ref idref="fl-12f"/>
      </object_component>
      <object_component id="oc-40">
         <name>.debug_frame</name>
         <load_address>0x64a</load_address>
         <run_address>0x64a</run_address>
         <size>0x8e</size>
         <input_file_ref idref="fl-130"/>
      </object_component>
      <object_component id="oc-19">
         <name>.debug_frame</name>
         <load_address>0x6d8</load_address>
         <run_address>0x6d8</run_address>
         <size>0x7f</size>
         <input_file_ref idref="fl-130"/>
      </object_component>
      <object_component id="oc-23">
         <name>.debug_frame</name>
         <load_address>0x757</load_address>
         <run_address>0x757</run_address>
         <size>0x7f</size>
         <input_file_ref idref="fl-131"/>
      </object_component>
      <object_component id="oc-6f">
         <name>.debug_frame</name>
         <load_address>0x7d6</load_address>
         <run_address>0x7d6</run_address>
         <size>0xb3</size>
         <input_file_ref idref="fl-132"/>
      </object_component>
      <object_component id="oc-5d">
         <name>.debug_frame</name>
         <load_address>0x889</load_address>
         <run_address>0x889</run_address>
         <size>0x7f</size>
         <input_file_ref idref="fl-135"/>
      </object_component>
      <object_component id="oc-100">
         <name>.debug_frame</name>
         <load_address>0x908</load_address>
         <run_address>0x908</run_address>
         <size>0xa1</size>
         <input_file_ref idref="fl-137"/>
      </object_component>
      <object_component id="oc-69">
         <name>.debug_frame</name>
         <load_address>0x9a9</load_address>
         <run_address>0x9a9</run_address>
         <size>0x7f</size>
         <input_file_ref idref="fl-138"/>
      </object_component>
      <object_component id="oc-63">
         <name>.debug_frame</name>
         <load_address>0xa28</load_address>
         <run_address>0xa28</run_address>
         <size>0x8a</size>
         <input_file_ref idref="fl-139"/>
      </object_component>
      <object_component id="oc-9a">
         <name>.debug_frame</name>
         <load_address>0xab2</load_address>
         <run_address>0xab2</run_address>
         <size>0x8e</size>
         <input_file_ref idref="fl-13a"/>
      </object_component>
      <object_component id="oc-11f">
         <name>.debug_abbrev</name>
         <load_address>0x0</load_address>
         <run_address>0x0</run_address>
         <size>0x7d</size>
         <input_file_ref idref="fl-2"/>
      </object_component>
      <object_component id="oc-f3">
         <name>.debug_abbrev</name>
         <load_address>0x7d</load_address>
         <run_address>0x7d</run_address>
         <size>0x9b</size>
         <input_file_ref idref="fl-2"/>
      </object_component>
      <object_component id="oc-79">
         <name>.debug_abbrev</name>
         <load_address>0x118</load_address>
         <run_address>0x118</run_address>
         <size>0x1f</size>
         <input_file_ref idref="fl-2"/>
      </object_component>
      <object_component id="oc-7e">
         <name>.debug_abbrev</name>
         <load_address>0x137</load_address>
         <run_address>0x137</run_address>
         <size>0x35</size>
         <input_file_ref idref="fl-2"/>
      </object_component>
      <object_component id="oc-75">
         <name>.debug_abbrev</name>
         <load_address>0x16c</load_address>
         <run_address>0x16c</run_address>
         <size>0x5d</size>
         <input_file_ref idref="fl-3"/>
      </object_component>
      <object_component id="oc-30">
         <name>.debug_abbrev</name>
         <load_address>0x1c9</load_address>
         <run_address>0x1c9</run_address>
         <size>0x29</size>
         <input_file_ref idref="fl-3"/>
      </object_component>
      <object_component id="oc-74">
         <name>.debug_abbrev</name>
         <load_address>0x1f2</load_address>
         <run_address>0x1f2</run_address>
         <size>0x79</size>
         <input_file_ref idref="fl-3"/>
      </object_component>
      <object_component id="oc-12b">
         <name>.debug_abbrev</name>
         <load_address>0x26b</load_address>
         <run_address>0x26b</run_address>
         <size>0x72</size>
         <input_file_ref idref="fl-9"/>
      </object_component>
      <object_component id="oc-11e">
         <name>.debug_abbrev</name>
         <load_address>0x2dd</load_address>
         <run_address>0x2dd</run_address>
         <size>0x6c</size>
         <input_file_ref idref="fl-9"/>
      </object_component>
      <object_component id="oc-115">
         <name>.debug_abbrev</name>
         <load_address>0x349</load_address>
         <run_address>0x349</run_address>
         <size>0x6c</size>
         <input_file_ref idref="fl-9"/>
      </object_component>
      <object_component id="oc-117">
         <name>.debug_abbrev</name>
         <load_address>0x3b5</load_address>
         <run_address>0x3b5</run_address>
         <size>0x6c</size>
         <input_file_ref idref="fl-9"/>
      </object_component>
      <object_component id="oc-113">
         <name>.debug_abbrev</name>
         <load_address>0x421</load_address>
         <run_address>0x421</run_address>
         <size>0x7a</size>
         <input_file_ref idref="fl-9"/>
      </object_component>
      <object_component id="oc-116">
         <name>.debug_abbrev</name>
         <load_address>0x49b</load_address>
         <run_address>0x49b</run_address>
         <size>0x6c</size>
         <input_file_ref idref="fl-9"/>
      </object_component>
      <object_component id="oc-11d">
         <name>.debug_abbrev</name>
         <load_address>0x507</load_address>
         <run_address>0x507</run_address>
         <size>0x6e</size>
         <input_file_ref idref="fl-9"/>
      </object_component>
      <object_component id="oc-11a">
         <name>.debug_abbrev</name>
         <load_address>0x575</load_address>
         <run_address>0x575</run_address>
         <size>0x1f</size>
         <input_file_ref idref="fl-9"/>
      </object_component>
      <object_component id="oc-124">
         <name>.debug_abbrev</name>
         <load_address>0x594</load_address>
         <run_address>0x594</run_address>
         <size>0xb0</size>
         <input_file_ref idref="fl-b"/>
      </object_component>
      <object_component id="oc-112">
         <name>.debug_abbrev</name>
         <load_address>0x644</load_address>
         <run_address>0x644</run_address>
         <size>0x6c</size>
         <input_file_ref idref="fl-b"/>
      </object_component>
      <object_component id="oc-110">
         <name>.debug_abbrev</name>
         <load_address>0x6b0</load_address>
         <run_address>0x6b0</run_address>
         <size>0x7a</size>
         <input_file_ref idref="fl-b"/>
      </object_component>
      <object_component id="oc-128">
         <name>.debug_abbrev</name>
         <load_address>0x72a</load_address>
         <run_address>0x72a</run_address>
         <size>0x49</size>
         <input_file_ref idref="fl-b"/>
      </object_component>
      <object_component id="oc-73">
         <name>.debug_abbrev</name>
         <load_address>0x773</load_address>
         <run_address>0x773</run_address>
         <size>0x3e</size>
         <input_file_ref idref="fl-12e"/>
      </object_component>
      <object_component id="oc-87">
         <name>.debug_abbrev</name>
         <load_address>0x7b1</load_address>
         <run_address>0x7b1</run_address>
         <size>0x52</size>
         <input_file_ref idref="fl-12f"/>
      </object_component>
      <object_component id="oc-38">
         <name>.debug_abbrev</name>
         <load_address>0x803</load_address>
         <run_address>0x803</run_address>
         <size>0x74</size>
         <input_file_ref idref="fl-12f"/>
      </object_component>
      <object_component id="oc-3b">
         <name>.debug_abbrev</name>
         <load_address>0x877</load_address>
         <run_address>0x877</run_address>
         <size>0x24</size>
         <input_file_ref idref="fl-12f"/>
      </object_component>
      <object_component id="oc-84">
         <name>.debug_abbrev</name>
         <load_address>0x89b</load_address>
         <run_address>0x89b</run_address>
         <size>0x24</size>
         <input_file_ref idref="fl-12f"/>
      </object_component>
      <object_component id="oc-8a">
         <name>.debug_abbrev</name>
         <load_address>0x8bf</load_address>
         <run_address>0x8bf</run_address>
         <size>0x52</size>
         <input_file_ref idref="fl-130"/>
      </object_component>
      <object_component id="oc-89">
         <name>.debug_abbrev</name>
         <load_address>0x911</load_address>
         <run_address>0x911</run_address>
         <size>0x7b</size>
         <input_file_ref idref="fl-130"/>
      </object_component>
      <object_component id="oc-45">
         <name>.debug_abbrev</name>
         <load_address>0x98c</load_address>
         <run_address>0x98c</run_address>
         <size>0x66</size>
         <input_file_ref idref="fl-130"/>
      </object_component>
      <object_component id="oc-49">
         <name>.debug_abbrev</name>
         <load_address>0x9f2</load_address>
         <run_address>0x9f2</run_address>
         <size>0x24</size>
         <input_file_ref idref="fl-130"/>
      </object_component>
      <object_component id="oc-8e">
         <name>.debug_abbrev</name>
         <load_address>0xa16</load_address>
         <run_address>0xa16</run_address>
         <size>0x24</size>
         <input_file_ref idref="fl-130"/>
      </object_component>
      <object_component id="oc-92">
         <name>.debug_abbrev</name>
         <load_address>0xa3a</load_address>
         <run_address>0xa3a</run_address>
         <size>0x52</size>
         <input_file_ref idref="fl-131"/>
      </object_component>
      <object_component id="oc-51">
         <name>.debug_abbrev</name>
         <load_address>0xa8c</load_address>
         <run_address>0xa8c</run_address>
         <size>0x74</size>
         <input_file_ref idref="fl-131"/>
      </object_component>
      <object_component id="oc-54">
         <name>.debug_abbrev</name>
         <load_address>0xb00</load_address>
         <run_address>0xb00</run_address>
         <size>0x24</size>
         <input_file_ref idref="fl-131"/>
      </object_component>
      <object_component id="oc-107">
         <name>.debug_abbrev</name>
         <load_address>0xb24</load_address>
         <run_address>0xb24</run_address>
         <size>0x6b</size>
         <input_file_ref idref="fl-132"/>
      </object_component>
      <object_component id="oc-105">
         <name>.debug_abbrev</name>
         <load_address>0xb8f</load_address>
         <run_address>0xb8f</run_address>
         <size>0x29</size>
         <input_file_ref idref="fl-132"/>
      </object_component>
      <object_component id="oc-ab">
         <name>.debug_abbrev</name>
         <load_address>0xbb8</load_address>
         <run_address>0xbb8</run_address>
         <size>0xba</size>
         <input_file_ref idref="fl-132"/>
      </object_component>
      <object_component id="oc-81">
         <name>.debug_abbrev</name>
         <load_address>0xc72</load_address>
         <run_address>0xc72</run_address>
         <size>0x3e</size>
         <input_file_ref idref="fl-133"/>
      </object_component>
      <object_component id="oc-91">
         <name>.debug_abbrev</name>
         <load_address>0xcb0</load_address>
         <run_address>0xcb0</run_address>
         <size>0x4f</size>
         <input_file_ref idref="fl-134"/>
      </object_component>
      <object_component id="oc-94">
         <name>.debug_abbrev</name>
         <load_address>0xcff</load_address>
         <run_address>0xcff</run_address>
         <size>0x55</size>
         <input_file_ref idref="fl-135"/>
      </object_component>
      <object_component id="oc-ae">
         <name>.debug_abbrev</name>
         <load_address>0xd54</load_address>
         <run_address>0xd54</run_address>
         <size>0x27</size>
         <input_file_ref idref="fl-136"/>
      </object_component>
      <object_component id="oc-122">
         <name>.debug_abbrev</name>
         <load_address>0xd7b</load_address>
         <run_address>0xd7b</run_address>
         <size>0x45</size>
         <input_file_ref idref="fl-137"/>
      </object_component>
      <object_component id="oc-101">
         <name>.debug_abbrev</name>
         <load_address>0xdc0</load_address>
         <run_address>0xdc0</run_address>
         <size>0x29</size>
         <input_file_ref idref="fl-137"/>
      </object_component>
      <object_component id="oc-121">
         <name>.debug_abbrev</name>
         <load_address>0xde9</load_address>
         <run_address>0xde9</run_address>
         <size>0x6f</size>
         <input_file_ref idref="fl-137"/>
      </object_component>
      <object_component id="oc-f4">
         <name>.debug_abbrev</name>
         <load_address>0xe58</load_address>
         <run_address>0xe58</run_address>
         <size>0x8e</size>
         <input_file_ref idref="fl-138"/>
      </object_component>
      <object_component id="oc-a3">
         <name>.debug_abbrev</name>
         <load_address>0xee6</load_address>
         <run_address>0xee6</run_address>
         <size>0x68</size>
         <input_file_ref idref="fl-138"/>
      </object_component>
      <object_component id="oc-f8">
         <name>.debug_abbrev</name>
         <load_address>0xf4e</load_address>
         <run_address>0xf4e</run_address>
         <size>0x49</size>
         <input_file_ref idref="fl-138"/>
      </object_component>
      <object_component id="oc-b2">
         <name>.debug_abbrev</name>
         <load_address>0xf97</load_address>
         <run_address>0xf97</run_address>
         <size>0x9a</size>
         <input_file_ref idref="fl-139"/>
      </object_component>
      <object_component id="oc-9b">
         <name>.debug_abbrev</name>
         <load_address>0x1031</load_address>
         <run_address>0x1031</run_address>
         <size>0x7e</size>
         <input_file_ref idref="fl-139"/>
      </object_component>
      <object_component id="oc-b6">
         <name>.debug_abbrev</name>
         <load_address>0x10af</load_address>
         <run_address>0x10af</run_address>
         <size>0x24</size>
         <input_file_ref idref="fl-139"/>
      </object_component>
      <object_component id="oc-bb">
         <name>.debug_abbrev</name>
         <load_address>0x10d3</load_address>
         <run_address>0x10d3</run_address>
         <size>0x4b</size>
         <input_file_ref idref="fl-139"/>
      </object_component>
      <object_component id="oc-109">
         <name>.debug_abbrev</name>
         <load_address>0x111e</load_address>
         <run_address>0x111e</run_address>
         <size>0x9c</size>
         <input_file_ref idref="fl-13a"/>
      </object_component>
      <object_component id="oc-b0">
         <name>.debug_abbrev</name>
         <load_address>0x11ba</load_address>
         <run_address>0x11ba</run_address>
         <size>0x8c</size>
         <input_file_ref idref="fl-13a"/>
      </object_component>
      <object_component id="oc-10d">
         <name>.debug_abbrev</name>
         <load_address>0x1246</load_address>
         <run_address>0x1246</run_address>
         <size>0x24</size>
         <input_file_ref idref="fl-13a"/>
      </object_component>
      <object_component id="oc-154">
         <name>.debug_abbrev</name>
         <load_address>0x126a</load_address>
         <run_address>0x126a</run_address>
         <size>0xf</size>
      </object_component>
      <object_component id="oc-7b">
         <name>.debug_str</name>
         <load_address>0x0</load_address>
         <run_address>0x0</run_address>
         <size>0xf7</size>
         <input_file_ref idref="fl-2"/>
      </object_component>
      <object_component id="oc-80">
         <name>.debug_str</name>
         <load_address>0xf7</load_address>
         <run_address>0xf7</run_address>
         <size>0x21f</size>
         <input_file_ref idref="fl-2"/>
      </object_component>
      <object_component id="oc-11c">
         <name>.debug_str</name>
         <load_address>0x316</load_address>
         <run_address>0x316</run_address>
         <size>0xf5</size>
         <input_file_ref idref="fl-9"/>
      </object_component>
      <object_component id="oc-12a">
         <name>.debug_str</name>
         <load_address>0x40b</load_address>
         <run_address>0x40b</run_address>
         <size>0x141</size>
         <input_file_ref idref="fl-b"/>
      </object_component>
      <object_component id="oc-3d">
         <name>.debug_str</name>
         <load_address>0x54c</load_address>
         <run_address>0x54c</run_address>
         <size>0xe1</size>
         <input_file_ref idref="fl-12f"/>
      </object_component>
      <object_component id="oc-86">
         <name>.debug_str</name>
         <load_address>0x62d</load_address>
         <run_address>0x62d</run_address>
         <size>0x104</size>
         <input_file_ref idref="fl-12f"/>
      </object_component>
      <object_component id="oc-4b">
         <name>.debug_str</name>
         <load_address>0x731</load_address>
         <run_address>0x731</run_address>
         <size>0xd3</size>
         <input_file_ref idref="fl-130"/>
      </object_component>
      <object_component id="oc-90">
         <name>.debug_str</name>
         <load_address>0x804</load_address>
         <run_address>0x804</run_address>
         <size>0x104</size>
         <input_file_ref idref="fl-130"/>
      </object_component>
      <object_component id="oc-56">
         <name>.debug_str</name>
         <load_address>0x908</load_address>
         <run_address>0x908</run_address>
         <size>0xdb</size>
         <input_file_ref idref="fl-131"/>
      </object_component>
      <object_component id="oc-fa">
         <name>.debug_str</name>
         <load_address>0x9e3</load_address>
         <run_address>0x9e3</run_address>
         <size>0xb7</size>
         <input_file_ref idref="fl-138"/>
      </object_component>
      <object_component id="oc-b8">
         <name>.debug_str</name>
         <load_address>0xa9a</load_address>
         <run_address>0xa9a</run_address>
         <size>0xc3</size>
         <input_file_ref idref="fl-139"/>
      </object_component>
      <object_component id="oc-bd">
         <name>.debug_str</name>
         <load_address>0xb5d</load_address>
         <run_address>0xb5d</run_address>
         <size>0x15b</size>
         <input_file_ref idref="fl-139"/>
      </object_component>
      <object_component id="oc-10f">
         <name>.debug_str</name>
         <load_address>0xcb8</load_address>
         <run_address>0xcb8</run_address>
         <size>0xb8</size>
         <input_file_ref idref="fl-13a"/>
      </object_component>
      <object_component id="oc-9f">
         <name>.debug_aranges</name>
         <load_address>0x0</load_address>
         <run_address>0x0</run_address>
         <size>0x40</size>
         <input_file_ref idref="fl-2"/>
      </object_component>
      <object_component id="oc-2c">
         <name>.debug_aranges</name>
         <load_address>0x40</load_address>
         <run_address>0x40</run_address>
         <size>0x38</size>
         <input_file_ref idref="fl-3"/>
      </object_component>
      <object_component id="oc-eb">
         <name>.debug_aranges</name>
         <load_address>0x78</load_address>
         <run_address>0x78</run_address>
         <size>0x20</size>
         <input_file_ref idref="fl-9"/>
      </object_component>
      <object_component id="oc-d2">
         <name>.debug_aranges</name>
         <load_address>0x98</load_address>
         <run_address>0x98</run_address>
         <size>0x20</size>
         <input_file_ref idref="fl-9"/>
      </object_component>
      <object_component id="oc-de">
         <name>.debug_aranges</name>
         <load_address>0xb8</load_address>
         <run_address>0xb8</run_address>
         <size>0x20</size>
         <input_file_ref idref="fl-9"/>
      </object_component>
      <object_component id="oc-cc">
         <name>.debug_aranges</name>
         <load_address>0xd8</load_address>
         <run_address>0xd8</run_address>
         <size>0x20</size>
         <input_file_ref idref="fl-9"/>
      </object_component>
      <object_component id="oc-d8">
         <name>.debug_aranges</name>
         <load_address>0xf8</load_address>
         <run_address>0xf8</run_address>
         <size>0x20</size>
         <input_file_ref idref="fl-9"/>
      </object_component>
      <object_component id="oc-e4">
         <name>.debug_aranges</name>
         <load_address>0x118</load_address>
         <run_address>0x118</run_address>
         <size>0x20</size>
         <input_file_ref idref="fl-9"/>
      </object_component>
      <object_component id="oc-c6">
         <name>.debug_aranges</name>
         <load_address>0x138</load_address>
         <run_address>0x138</run_address>
         <size>0x20</size>
         <input_file_ref idref="fl-b"/>
      </object_component>
      <object_component id="oc-c0">
         <name>.debug_aranges</name>
         <load_address>0x158</load_address>
         <run_address>0x158</run_address>
         <size>0x20</size>
         <input_file_ref idref="fl-b"/>
      </object_component>
      <object_component id="oc-26">
         <name>.debug_aranges</name>
         <load_address>0x178</load_address>
         <run_address>0x178</run_address>
         <size>0x20</size>
         <input_file_ref idref="fl-12e"/>
      </object_component>
      <object_component id="oc-14">
         <name>.debug_aranges</name>
         <load_address>0x198</load_address>
         <run_address>0x198</run_address>
         <size>0x20</size>
         <input_file_ref idref="fl-12f"/>
      </object_component>
      <object_component id="oc-41">
         <name>.debug_aranges</name>
         <load_address>0x1b8</load_address>
         <run_address>0x1b8</run_address>
         <size>0x20</size>
         <input_file_ref idref="fl-130"/>
      </object_component>
      <object_component id="oc-1a">
         <name>.debug_aranges</name>
         <load_address>0x1d8</load_address>
         <run_address>0x1d8</run_address>
         <size>0x20</size>
         <input_file_ref idref="fl-130"/>
      </object_component>
      <object_component id="oc-20">
         <name>.debug_aranges</name>
         <load_address>0x1f8</load_address>
         <run_address>0x1f8</run_address>
         <size>0x20</size>
         <input_file_ref idref="fl-131"/>
      </object_component>
      <object_component id="oc-6c">
         <name>.debug_aranges</name>
         <load_address>0x218</load_address>
         <run_address>0x218</run_address>
         <size>0x30</size>
         <input_file_ref idref="fl-132"/>
      </object_component>
      <object_component id="oc-35">
         <name>.debug_aranges</name>
         <load_address>0x248</load_address>
         <run_address>0x248</run_address>
         <size>0x20</size>
         <input_file_ref idref="fl-133"/>
      </object_component>
      <object_component id="oc-4e">
         <name>.debug_aranges</name>
         <load_address>0x268</load_address>
         <run_address>0x268</run_address>
         <size>0x28</size>
         <input_file_ref idref="fl-134"/>
      </object_component>
      <object_component id="oc-5a">
         <name>.debug_aranges</name>
         <load_address>0x290</load_address>
         <run_address>0x290</run_address>
         <size>0x20</size>
         <input_file_ref idref="fl-135"/>
      </object_component>
      <object_component id="oc-fd">
         <name>.debug_aranges</name>
         <load_address>0x2b0</load_address>
         <run_address>0x2b0</run_address>
         <size>0x30</size>
         <input_file_ref idref="fl-137"/>
      </object_component>
      <object_component id="oc-66">
         <name>.debug_aranges</name>
         <load_address>0x2e0</load_address>
         <run_address>0x2e0</run_address>
         <size>0x20</size>
         <input_file_ref idref="fl-138"/>
      </object_component>
      <object_component id="oc-60">
         <name>.debug_aranges</name>
         <load_address>0x300</load_address>
         <run_address>0x300</run_address>
         <size>0x20</size>
         <input_file_ref idref="fl-139"/>
      </object_component>
      <object_component id="oc-97">
         <name>.debug_aranges</name>
         <load_address>0x320</load_address>
         <run_address>0x320</run_address>
         <size>0x20</size>
         <input_file_ref idref="fl-13a"/>
      </object_component>
      <object_component id="oc-f1">
         <name>.debug_pubnames</name>
         <load_address>0x0</load_address>
         <run_address>0x0</run_address>
         <size>0x31</size>
         <input_file_ref idref="fl-2"/>
      </object_component>
      <object_component id="oc-a0">
         <name>.debug_pubnames</name>
         <load_address>0x31</load_address>
         <run_address>0x31</run_address>
         <size>0x5e</size>
         <input_file_ref idref="fl-2"/>
      </object_component>
      <object_component id="oc-11">
         <name>.debug_pubnames</name>
         <load_address>0x8f</load_address>
         <run_address>0x8f</run_address>
         <size>0x23</size>
         <input_file_ref idref="fl-3"/>
      </object_component>
      <object_component id="oc-2d">
         <name>.debug_pubnames</name>
         <load_address>0xb2</load_address>
         <run_address>0xb2</run_address>
         <size>0x4c</size>
         <input_file_ref idref="fl-3"/>
      </object_component>
      <object_component id="oc-ec">
         <name>.debug_pubnames</name>
         <load_address>0xfe</load_address>
         <run_address>0xfe</run_address>
         <size>0x23</size>
         <input_file_ref idref="fl-9"/>
      </object_component>
      <object_component id="oc-d3">
         <name>.debug_pubnames</name>
         <load_address>0x121</load_address>
         <run_address>0x121</run_address>
         <size>0x25</size>
         <input_file_ref idref="fl-9"/>
      </object_component>
      <object_component id="oc-df">
         <name>.debug_pubnames</name>
         <load_address>0x146</load_address>
         <run_address>0x146</run_address>
         <size>0x27</size>
         <input_file_ref idref="fl-9"/>
      </object_component>
      <object_component id="oc-cd">
         <name>.debug_pubnames</name>
         <load_address>0x16d</load_address>
         <run_address>0x16d</run_address>
         <size>0x2c</size>
         <input_file_ref idref="fl-9"/>
      </object_component>
      <object_component id="oc-d9">
         <name>.debug_pubnames</name>
         <load_address>0x199</load_address>
         <run_address>0x199</run_address>
         <size>0x2b</size>
         <input_file_ref idref="fl-9"/>
      </object_component>
      <object_component id="oc-e5">
         <name>.debug_pubnames</name>
         <load_address>0x1c4</load_address>
         <run_address>0x1c4</run_address>
         <size>0x22</size>
         <input_file_ref idref="fl-9"/>
      </object_component>
      <object_component id="oc-c7">
         <name>.debug_pubnames</name>
         <load_address>0x1e6</load_address>
         <run_address>0x1e6</run_address>
         <size>0x2d</size>
         <input_file_ref idref="fl-b"/>
      </object_component>
      <object_component id="oc-c1">
         <name>.debug_pubnames</name>
         <load_address>0x213</load_address>
         <run_address>0x213</run_address>
         <size>0x25</size>
         <input_file_ref idref="fl-b"/>
      </object_component>
      <object_component id="oc-27">
         <name>.debug_pubnames</name>
         <load_address>0x238</load_address>
         <run_address>0x238</run_address>
         <size>0x1f</size>
         <input_file_ref idref="fl-12e"/>
      </object_component>
      <object_component id="oc-16">
         <name>.debug_pubnames</name>
         <load_address>0x257</load_address>
         <run_address>0x257</run_address>
         <size>0x2b</size>
         <input_file_ref idref="fl-12f"/>
      </object_component>
      <object_component id="oc-43">
         <name>.debug_pubnames</name>
         <load_address>0x282</load_address>
         <run_address>0x282</run_address>
         <size>0x2f</size>
         <input_file_ref idref="fl-130"/>
      </object_component>
      <object_component id="oc-1c">
         <name>.debug_pubnames</name>
         <load_address>0x2b1</load_address>
         <run_address>0x2b1</run_address>
         <size>0x2c</size>
         <input_file_ref idref="fl-130"/>
      </object_component>
      <object_component id="oc-21">
         <name>.debug_pubnames</name>
         <load_address>0x2dd</load_address>
         <run_address>0x2dd</run_address>
         <size>0x25</size>
         <input_file_ref idref="fl-131"/>
      </object_component>
      <object_component id="oc-aa">
         <name>.debug_pubnames</name>
         <load_address>0x302</load_address>
         <run_address>0x302</run_address>
         <size>0x3a</size>
         <input_file_ref idref="fl-132"/>
      </object_component>
      <object_component id="oc-6d">
         <name>.debug_pubnames</name>
         <load_address>0x33c</load_address>
         <run_address>0x33c</run_address>
         <size>0x35</size>
         <input_file_ref idref="fl-132"/>
      </object_component>
      <object_component id="oc-36">
         <name>.debug_pubnames</name>
         <load_address>0x371</load_address>
         <run_address>0x371</run_address>
         <size>0x1d</size>
         <input_file_ref idref="fl-133"/>
      </object_component>
      <object_component id="oc-4f">
         <name>.debug_pubnames</name>
         <load_address>0x38e</load_address>
         <run_address>0x38e</run_address>
         <size>0x37</size>
         <input_file_ref idref="fl-134"/>
      </object_component>
      <object_component id="oc-5b">
         <name>.debug_pubnames</name>
         <load_address>0x3c5</load_address>
         <run_address>0x3c5</run_address>
         <size>0x27</size>
         <input_file_ref idref="fl-135"/>
      </object_component>
      <object_component id="oc-72">
         <name>.debug_pubnames</name>
         <load_address>0x3ec</load_address>
         <run_address>0x3ec</run_address>
         <size>0x23</size>
         <input_file_ref idref="fl-136"/>
      </object_component>
      <object_component id="oc-a7">
         <name>.debug_pubnames</name>
         <load_address>0x40f</load_address>
         <run_address>0x40f</run_address>
         <size>0x28</size>
         <input_file_ref idref="fl-137"/>
      </object_component>
      <object_component id="oc-fe">
         <name>.debug_pubnames</name>
         <load_address>0x437</load_address>
         <run_address>0x437</run_address>
         <size>0x43</size>
         <input_file_ref idref="fl-137"/>
      </object_component>
      <object_component id="oc-67">
         <name>.debug_pubnames</name>
         <load_address>0x47a</load_address>
         <run_address>0x47a</run_address>
         <size>0x21</size>
         <input_file_ref idref="fl-138"/>
      </object_component>
      <object_component id="oc-61">
         <name>.debug_pubnames</name>
         <load_address>0x49b</load_address>
         <run_address>0x49b</run_address>
         <size>0x25</size>
         <input_file_ref idref="fl-139"/>
      </object_component>
      <object_component id="oc-98">
         <name>.debug_pubnames</name>
         <load_address>0x4c0</load_address>
         <run_address>0x4c0</run_address>
         <size>0x1e</size>
         <input_file_ref idref="fl-13a"/>
      </object_component>
      <object_component id="oc-78">
         <name>.debug_pubtypes</name>
         <load_address>0x0</load_address>
         <run_address>0x0</run_address>
         <size>0xed</size>
         <input_file_ref idref="fl-2"/>
      </object_component>
      <object_component id="oc-7d">
         <name>.debug_pubtypes</name>
         <load_address>0xed</load_address>
         <run_address>0xed</run_address>
         <size>0x1c6</size>
         <input_file_ref idref="fl-2"/>
      </object_component>
      <object_component id="oc-119">
         <name>.debug_pubtypes</name>
         <load_address>0x2b3</load_address>
         <run_address>0x2b3</run_address>
         <size>0xff</size>
         <input_file_ref idref="fl-9"/>
      </object_component>
      <object_component id="oc-127">
         <name>.debug_pubtypes</name>
         <load_address>0x3b2</load_address>
         <run_address>0x3b2</run_address>
         <size>0x28</size>
         <input_file_ref idref="fl-b"/>
      </object_component>
      <object_component id="oc-3a">
         <name>.debug_pubtypes</name>
         <load_address>0x3da</load_address>
         <run_address>0x3da</run_address>
         <size>0x48</size>
         <input_file_ref idref="fl-12f"/>
      </object_component>
      <object_component id="oc-83">
         <name>.debug_pubtypes</name>
         <load_address>0x422</load_address>
         <run_address>0x422</run_address>
         <size>0x1d</size>
         <input_file_ref idref="fl-12f"/>
      </object_component>
      <object_component id="oc-48">
         <name>.debug_pubtypes</name>
         <load_address>0x43f</load_address>
         <run_address>0x43f</run_address>
         <size>0x37</size>
         <input_file_ref idref="fl-130"/>
      </object_component>
      <object_component id="oc-8d">
         <name>.debug_pubtypes</name>
         <load_address>0x476</load_address>
         <run_address>0x476</run_address>
         <size>0x1d</size>
         <input_file_ref idref="fl-130"/>
      </object_component>
      <object_component id="oc-53">
         <name>.debug_pubtypes</name>
         <load_address>0x493</load_address>
         <run_address>0x493</run_address>
         <size>0x48</size>
         <input_file_ref idref="fl-131"/>
      </object_component>
      <object_component id="oc-ad">
         <name>.debug_pubtypes</name>
         <load_address>0x4db</load_address>
         <run_address>0x4db</run_address>
         <size>0x1f</size>
         <input_file_ref idref="fl-132"/>
      </object_component>
      <object_component id="oc-104">
         <name>.debug_pubtypes</name>
         <load_address>0x4fa</load_address>
         <run_address>0x4fa</run_address>
         <size>0x1f</size>
         <input_file_ref idref="fl-137"/>
      </object_component>
      <object_component id="oc-f7">
         <name>.debug_pubtypes</name>
         <load_address>0x519</load_address>
         <run_address>0x519</run_address>
         <size>0x1b</size>
         <input_file_ref idref="fl-138"/>
      </object_component>
      <object_component id="oc-b5">
         <name>.debug_pubtypes</name>
         <load_address>0x534</load_address>
         <run_address>0x534</run_address>
         <size>0x32</size>
         <input_file_ref idref="fl-139"/>
      </object_component>
      <object_component id="oc-ba">
         <name>.debug_pubtypes</name>
         <load_address>0x566</load_address>
         <run_address>0x566</run_address>
         <size>0x50</size>
         <input_file_ref idref="fl-139"/>
      </object_component>
      <object_component id="oc-10c">
         <name>.debug_pubtypes</name>
         <load_address>0x5b6</load_address>
         <run_address>0x5b6</run_address>
         <size>0x23</size>
         <input_file_ref idref="fl-13a"/>
      </object_component>
   </object_component_list>
   <logical_group_list>
      <logical_group id="lg-3" display="no" color="cyan">
         <name>.intvecs</name>
         <load_address>0x0</load_address>
         <run_address>0x0</run_address>
         <size>0x26c</size>
         <contents>
            <object_component_ref idref="oc-f"/>
         </contents>
      </logical_group>
      <logical_group id="lg-4" display="no" color="cyan">
         <name>.text</name>
         <load_address>0x26c</load_address>
         <run_address>0x26c</run_address>
         <size>0x788</size>
         <contents>
            <object_component_ref idref="oc-9d"/>
            <object_component_ref idref="oc-dc"/>
            <object_component_ref idref="oc-be"/>
            <object_component_ref idref="oc-33"/>
            <object_component_ref idref="oc-4c"/>
            <object_component_ref idref="oc-5e"/>
            <object_component_ref idref="oc-3f"/>
            <object_component_ref idref="oc-24"/>
            <object_component_ref idref="oc-95"/>
            <object_component_ref idref="oc-6a"/>
            <object_component_ref idref="oc-c4"/>
            <object_component_ref idref="oc-d0"/>
            <object_component_ref idref="oc-ca"/>
            <object_component_ref idref="oc-64"/>
            <object_component_ref idref="oc-fb"/>
            <object_component_ref idref="oc-d6"/>
            <object_component_ref idref="oc-12"/>
            <object_component_ref idref="oc-1e"/>
[...]
            <object_component_ref idref="oc-8a"/>
            <object_component_ref idref="oc-89"/>
            <object_component_ref idref="oc-45"/>
            <object_component_ref idref="oc-49"/>
            <object_component_ref idref="oc-8e"/>
            <object_component_ref idref="oc-92"/>
            <object_component_ref idref="oc-51"/>
            <object_component_ref idref="oc-54"/>
            <object_component_ref idref="oc-107"/>
            <object_component_ref idref="oc-105"/>
            <object_component_ref idref="oc-ab"/>
            <object_component_ref idref="oc-81"/>
            <object_component_ref idref="oc-91"/>
            <object_component_ref idref="oc-94"/>
            <object_component_ref idref="oc-ae"/>
            <object_component_ref idref="oc-122"/>
            <object_component_ref idref="oc-101"/>
            <object_component_ref idref="oc-121"/>
            <object_component_ref idref="oc-f4"/>
            <object_component_ref idref="oc-a3"/>
            <object_component_ref idref="oc-f8"/>
            <object_component_ref idref="oc-b2"/>
            <object_component_ref idref="oc-9b"/>
            <object_component_ref idref="oc-b6"/>
            <object_component_ref idref="oc-bb"/>
            <object_component_ref idref="oc-109"/>
            <object_component_ref idref="oc-b0"/>
            <object_component_ref idref="oc-10d"/>
            <object_component_ref idref="oc-154"/>
         </contents>
      </logical_group>
      <logical_group id="lg-146" display="never" color="cyan">
         <name>.debug_str</name>
         <load_address>0x0</load_address>
         <run_address>0x0</run_address>
         <size>0xd70</size>
         <contents>
            <object_component_ref idref="oc-7b"/>
            <object_component_ref idref="oc-80"/>
            <object_component_ref idref="oc-11c"/>
            <object_component_ref idref="oc-12a"/>
            <object_component_ref idref="oc-3d"/>
            <object_component_ref idref="oc-86"/>
            <object_component_ref idref="oc-4b"/>
            <object_component_ref idref="oc-90"/>
            <object_component_ref idref="oc-56"/>
            <object_component_ref idref="oc-fa"/>
            <object_component_ref idref="oc-b8"/>
            <object_component_ref idref="oc-bd"/>
            <object_component_ref idref="oc-10f"/>
         </contents>
      </logical_group>
      <logical_group id="lg-148" display="never" color="cyan">
         <name>.debug_aranges</name>
         <load_address>0x0</load_address>
         <run_address>0x0</run_address>
         <size>0x340</size>
         <contents>
            <object_component_ref idref="oc-9f"/>
            <object_component_ref idref="oc-2c"/>
            <object_component_ref idref="oc-eb"/>
            <object_component_ref idref="oc-d2"/>
            <object_component_ref idref="oc-de"/>
            <object_component_ref idref="oc-cc"/>
            <object_component_ref idref="oc-d8"/>
            <object_component_ref idref="oc-e4"/>
            <object_component_ref idref="oc-c6"/>
            <object_component_ref idref="oc-c0"/>
            <object_component_ref idref="oc-26"/>
            <object_component_ref idref="oc-14"/>
            <object_component_ref idref="oc-41"/>
            <object_component_ref idref="oc-1a"/>
            <object_component_ref idref="oc-20"/>
            <object_component_ref idref="oc-6c"/>
            <object_component_ref idref="oc-35"/>
            <object_component_ref idref="oc-4e"/>
            <object_component_ref idref="oc-5a"/>
            <object_component_ref idref="oc-fd"/>
            <object_component_ref idref="oc-66"/>
            <object_component_ref idref="oc-60"/>
            <object_component_ref idref="oc-97"/>
         </contents>
      </logical_group>
      <logical_group id="lg-14a" display="never" color="cyan">
         <name>.debug_pubnames</name>
         <load_address>0x0</load_address>
         <run_address>0x0</run_address>
         <size>0x4de</size>
         <contents>
            <object_component_ref idref="oc-f1"/>
            <object_component_ref idref="oc-a0"/>
            <object_component_ref idref="oc-11"/>
            <object_component_ref idref="oc-2d"/>
            <object_component_ref idref="oc-ec"/>
            <object_component_ref idref="oc-d3"/>
            <object_component_ref idref="oc-df"/>
            <object_component_ref idref="oc-cd"/>
            <object_component_ref idref="oc-d9"/>
            <object_component_ref idref="oc-e5"/>
            <object_component_ref idref="oc-c7"/>
            <object_component_ref idref="oc-c1"/>
            <object_component_ref idref="oc-27"/>
            <object_component_ref idref="oc-16"/>
            <object_component_ref idref="oc-43"/>
            <object_component_ref idref="oc-1c"/>
            <object_component_ref idref="oc-21"/>
            <object_component_ref idref="oc-aa"/>
            <object_component_ref idref="oc-6d"/>
            <object_component_ref idref="oc-36"/>
            <object_component_ref idref="oc-4f"/>
            <object_component_ref idref="oc-5b"/>
            <object_component_ref idref="oc-72"/>
            <object_component_ref idref="oc-a7"/>
            <object_component_ref idref="oc-fe"/>
            <object_component_ref idref="oc-67"/>
            <object_component_ref idref="oc-61"/>
            <object_component_ref idref="oc-98"/>
         </contents>
      </logical_group>
      <logical_group id="lg-14c" display="never" color="cyan">
         <name>.debug_pubtypes</name>
         <load_address>0x0</load_address>
         <run_address>0x0</run_address>
         <size>0x5d9</size>
         <contents>
            <object_component_ref idref="oc-78"/>
            <object_component_ref idref="oc-7d"/>
            <object_component_ref idref="oc-119"/>
            <object_component_ref idref="oc-127"/>
            <object_component_ref idref="oc-3a"/>
            <object_component_ref idref="oc-83"/>
            <object_component_ref idref="oc-48"/>
            <object_component_ref idref="oc-8d"/>
            <object_component_ref idref="oc-53"/>
            <object_component_ref idref="oc-ad"/>
            <object_component_ref idref="oc-104"/>
            <object_component_ref idref="oc-f7"/>
            <object_component_ref idref="oc-b5"/>
            <object_component_ref idref="oc-ba"/>
            <object_component_ref idref="oc-10c"/>
         </contents>
      </logical_group>
      <load_segment id="lg-15b" display="no" color="cyan">
         <name>SEGMENT_0</name>
         <load_address>0x0</load_address>
         <run_address>0x0</run_address>
         <size>0xa30</size>
         <flags>0x5</flags>
         <contents>
            <logical_group_ref idref="lg-3"/>
            <logical_group_ref idref="lg-4"/>
            <logical_group_ref idref="lg-6"/>
         </contents>
      </load_segment>
      <load_segment id="lg-15c" display="no" color="cyan">
         <name>SEGMENT_1</name>
         <run_address>0x20000000</run_address>
         <size>0x216</size>
         <flags>0x6</flags>
         <contents>
            <logical_group_ref idref="lg-d"/>
            <logical_group_ref idref="lg-a"/>
            <logical_group_ref idref="lg-b"/>
         </contents>
      </load_segment>
   </logical_group_list>
   <placement_map>
      <memory_area display="yes" color="green">
         <name>FLASH</name>
         <page_id>0x0</page_id>
         <origin>0x0</origin>
         <length>0x40000</length>
         <used_space>0xa2c</used_space>
         <unused_space>0x3f5d4</unused_space>
         <attributes>RX</attributes>
         <usage_details>
            <allocated_space>
               <start_address>0x0</start_address>
               <size>0x26c</size>
               <logical_group_ref idref="lg-3"/>
            </allocated_space>
            <allocated_space>
               <start_address>0x26c</start_address>
               <size>0x788</size>
               <logical_group_ref idref="lg-4"/>
            </allocated_space>
            <available_space>
               <start_address>0x9f4</start_address>
               <size>0x4</size>
            </available_space>
            <allocated_space>
               <start_address>0x9f8</start_address>
               <size>0x38</size>
               <logical_group_ref idref="lg-6"/>
            </allocated_space>
            <available_space>
               <start_address>0xa30</start_address>
               <size>0x3f5d0</size>
            </available_space>
         </usage_details>
      </memory_area>
      <memory_area display="yes" color="green">
         <name>SRAM</name>
         <page_id>0x0</page_id>
         <origin>0x20000000</origin>
         <length>0x8000</length>
         <used_space>0x216</used_space>
         <unused_space>0x7dea</unused_space>
         <attributes>RWX</attributes>
         <usage_details>
            <allocated_space>
               <start_address>0x20000000</start_address>
               <size>0x200</size>
               <logical_group_ref idref="lg-d"/>
            </allocated_space>
            <allocated_space>
               <start_address>0x20000200</start_address>
               <size>0x14</size>
               <logical_group_ref idref="lg-12f"/>
            </allocated_space>
            <allocated_space>
               <start_address>0x20000214</start_address>
               <size>0x2</size>
               <logical_group_ref idref="lg-12d"/>
            </allocated_space>
            <available_space>
               <start_address>0x20000216</start_address>
               <size>0x7dea</size>
            </available_space>
         </usage_details>
      </memory_area>
   </placement_map>
   <cptbl_list>
      <cptbl>
         <name>__TI_cinit_table</name>
         <cprec>
            <name>.data</name>
            <load_address>0x9f8</load_address>
            <load_size>0xf</load_size>
            <run_address>0x20000200</run_address>
            <run_size>0x14</run_size>
            <compression>rle</compression>
         </cprec>
         <cprec>
            <name>.bss</name>
            <load_address>0xa18</load_address>
            <load_size>0x8</load_size>
            <run_address>0x20000214</run_address>
            <run_size>0x2</run_size>
            <compression>zero_init</compression>
         </cprec>
      </cptbl>
   </cptbl_list>
   <handler_table>
      <handler_table_name>__TI_handler_table</handler_table_name>
      <handler>
         <index>0x0</index>
         <name>__TI_decompress_rle24</name>
      </handler>
      <handler>
         <index>0x1</index>
         <name>__TI_decompress_none</name>
      </handler>
      <handler>
         <index>0x2</index>
         <name>__TI_zero_init</name>
      </handler>
   </handler_table>
   <symbol_table>
      <symbol id="sm-1">
         <name>__STACK_TOP</name>
         <value>0x20000200</value>
      </symbol>
      <symbol id="sm-2">
         <name>__TI_CINIT_Base</name>
         <value>0xa20</value>
      </symbol>
      <symbol id="sm-3">
         <name>__TI_CINIT_Limit</name>
         <value>0xa30</value>
      </symbol>
      <symbol id="sm-4">
         <name>__TI_Handler_Table_Base</name>
         <value>0xa08</value>
      </symbol>
      <symbol id="sm-5">
         <name>__TI_Handler_Table_Limit</name>
         <value>0xa14</value>
      </symbol>
      <symbol id="sm-6">
         <name>binit</name>
         <value>0xffffffff</value>
      </symbol>
      <symbol id="sm-7">
         <name>__binit__</name>
         <value>0xffffffff</value>
      </symbol>
      <symbol id="sm-8">
         <name>__STACK_SIZE</name>
         <value>0x200</value>
      </symbol>
      <symbol id="sm-9">
         <name>__STACK_END</name>
         <value>0x20000200</value>
      </symbol>
      <symbol id="sm-a">
         <name>__c_args__</name>
         <value>0xffffffff</value>
      </symbol>
      <symbol id="sm-52">
         <name>buttonStatus</name>
         <value>0x20000214</value>
      </symbol>
      <symbol id="sm-53">
         <name>sw2Status</name>
         <value>0x20000215</value>
      </symbol>
      <symbol id="sm-54">
         <name>getButtonStatus</name>
         <value>0x2c1</value>
         <object_component_ref idref="oc-9d"/>
      </symbol>
      <symbol id="sm-55">
         <name>ledPinConfig</name>
         <value>0x27d</value>
         <object_component_ref idref="oc-9d"/>
      </symbol>
      <symbol id="sm-56">
         <name>main</name>
         <value>0x323</value>
         <object_component_ref idref="oc-9d"/>
      </symbol>
      <symbol id="sm-57">
         <name>setup</name>
         <value>0x26d</value>
         <object_component_ref idref="oc-9d"/>
      </symbol>
      <symbol id="sm-58">
         <name>switchPinConfig</name>
         <value>0x289</value>
         <object_component_ref idref="oc-9d"/>
      </symbol>
      <symbol id="sm-74">
         <name>ResetISR</name>
         <value>0x9cd</value>
         <object_component_ref idref="oc-2a"/>
      </symbol>
      <symbol id="sm-75">
         <name>g_pfnVectors</name>
         <value>0x0</value>
         <object_component_ref idref="oc-f"/>
      </symbol>
      <symbol id="sm-b1">
         <name>GPIOPinTypeGPIOInput</name>
         <value>0x9a1</value>
         <object_component_ref idref="oc-d6"/>
      </symbol>
      <symbol id="sm-b2">
         <name>GPIOPinTypeGPIOOutput</name>
         <value>0x95b</value>
         <object_component_ref idref="oc-ca"/>
      </symbol>
      <symbol id="sm-b3">
         <name>GPIOPinRead</name>
         <value>0x9d9</value>
         <object_component_ref idref="oc-e2"/>
      </symbol>
      <symbol id="sm-b4">
         <name>GPIODirModeSet</name>
         <value>0x931</value>
         <object_component_ref idref="oc-d0"/>
      </symbol>
      <symbol id="sm-b5">
         <name>GPIOPinWrite</name>
         <value>0x9df</value>
         <object_component_ref idref="oc-e9"/>
      </symbol>
      <symbol id="sm-b6">
         <name>GPIOPadConfigSet</name>
         <value>0x405</value>
         <object_component_ref idref="oc-dc"/>
      </symbol>
      <symbol id="sm-e3">
         <name>SysCtlClockSet</name>
         <value>0x539</value>
         <object_component_ref idref="oc-be"/>
      </symbol>
      <symbol id="sm-e4">
         <name>SysCtlDelay</name>
         <value>0x9e5</value>
         <object_component_ref idref="oc-e8"/>
      </symbol>
      <symbol id="sm-e5">
         <name>SysCtlPeripheralEnable</name>
         <value>0x8fd</value>
         <object_component_ref idref="oc-c4"/>
      </symbol>
      <symbol id="sm-f8">
         <name>_c_int00</name>
         <value>0x81d</value>
         <object_component_ref idref="oc-24"/>
      </symbol>
      <symbol id="sm-f9">
         <name>__stack</name>
         <value>0x20000000</value>
         <object_component_ref idref="oc-29"/>
      </symbol>
      <symbol id="sm-110">
         <name>__TI_decompress_none</name>
         <value>0x9b3</value>
         <object_component_ref idref="oc-12"/>
      </symbol>
      <symbol id="sm-138">
         <name>__TI_decompress_rle24</name>
         <value>0x9eb</value>
         <object_component_ref idref="oc-18"/>
      </symbol>
      <symbol id="sm-14a">
         <name>__TI_zero_init</name>
         <value>0x9c1</value>
         <object_component_ref idref="oc-1e"/>
      </symbol>
      <symbol id="sm-169">
         <name>C$$EXIT</name>
         <value>0x8b9</value>
         <object_component_ref idref="oc-6a"/>
      </symbol>
      <symbol id="sm-16a">
         <name>abort</name>
         <value>0x8bd</value>
         <object_component_ref idref="oc-6a"/>
      </symbol>
      <symbol id="sm-16b">
         <name>exit</name>
         <value>0x8c5</value>
         <object_component_ref idref="oc-6a"/>
      </symbol>
      <symbol id="sm-16c">
         <name>__TI_dtors_ptr</name>
         <value>0x2000020c</value>
         <object_component_ref idref="oc-a8"/>
      </symbol>
      <symbol id="sm-16d">
         <name>__TI_cleanup_ptr</name>
         <value>0x20000208</value>
         <object_component_ref idref="oc-a8"/>
      </symbol>
      <symbol id="sm-188">
         <name>memcpy</name>
         <value>0x62d</value>
         <object_component_ref idref="oc-33"/>
      </symbol>
      <symbol id="sm-189">
         <name>__aeabi_memcpy</name>
         <value>0x62d</value>
         <object_component_ref idref="oc-33"/>
      </symbol>
      <symbol id="sm-18a">
         <name>__aeabi_memcpy8</name>
         <value>0x62d</value>
         <object_component_ref idref="oc-33"/>
      </symbol>
      <symbol id="sm-18b">
         <name>__aeabi_memcpy4</name>
         <value>0x62d</value>
         <object_component_ref idref="oc-33"/>
      </symbol>
      <symbol id="sm-19a">
         <name>__aeabi_memset</name>
         <value>0x6cb</value>
         <object_component_ref idref="oc-4c"/>
      </symbol>
      <symbol id="sm-19b">
         <name>memset</name>
         <value>0x6d1</value>
         <object_component_ref idref="oc-4c"/>
      </symbol>
      <symbol id="sm-19c">
         <name>__aeabi_memset8</name>
         <value>0x6cb</value>
         <object_component_ref idref="oc-4c"/>
      </symbol>
      <symbol id="sm-19d">
         <name>__aeabi_memset4</name>
         <value>0x6cb</value>
         <object_component_ref idref="oc-4c"/>
      </symbol>
      <symbol id="sm-19e">
         <name>__aeabi_memclr8</name>
         <value>0x6c9</value>
         <object_component_ref idref="oc-4c"/>
      </symbol>
      <symbol id="sm-19f">
         <name>__aeabi_memclr4</name>
         <value>0x6c9</value>
         <object_component_ref idref="oc-4c"/>
      </symbol>
      <symbol id="sm-1a0">
         <name>__aeabi_memclr</name>
         <value>0x6c9</value>
         <object_component_ref idref="oc-4c"/>
      </symbol>
      <symbol id="sm-1aa">
         <name>_system_pre_init</name>
         <value>0x9f1</value>
         <object_component_ref idref="oc-58"/>
      </symbol>
      <symbol id="sm-1b2">
         <name>main_func_sp</name>
         <value>0x20000210</value>
         <object_component_ref idref="oc-70"/>
      </symbol>
      <symbol id="sm-1cb">
         <name>_nop</name>
         <value>0x99b</value>
         <object_component_ref idref="oc-fb"/>
      </symbol>
      <symbol id="sm-1cc">
         <name>_lock</name>
         <value>0x20000200</value>
         <object_component_ref idref="oc-a5"/>
      </symbol>
      <symbol id="sm-1cd">
         <name>_unlock</name>
         <value>0x20000204</value>
         <object_component_ref idref="oc-a5"/>
      </symbol>
      <symbol id="sm-1ce">
         <name>_register_lock</name>
         <value>0x993</value>
         <object_component_ref idref="oc-fb"/>
      </symbol>
      <symbol id="sm-1cf">
         <name>_register_unlock</name>
         <value>0x98d</value>
         <object_component_ref idref="oc-fb"/>
      </symbol>
      <symbol id="sm-1e4">
         <name>_args_main</name>
         <value>0x975</value>
         <object_component_ref idref="oc-64"/>
      </symbol>
      <symbol id="sm-20a">
         <name>__TI_auto_init</name>
         <value>0x745</value>
         <object_component_ref idref="oc-5e"/>
      </symbol>
      <symbol id="sm-224">
         <name>copy_in</name>
         <value>0x86d</value>
         <object_component_ref idref="oc-95"/>
      </symbol>
      <symbol id="sm-225">
         <name>__TI_static_base__</name>
         <value>0x0</value>
      </symbol>
      <symbol id="sm-228">
         <name>SHT$$INIT_ARRAY$$Limit</name>
         <value>0x0</value>
      </symbol>
      <symbol id="sm-229">
         <name>SHT$$INIT_ARRAY$$Base</name>
         <value>0x0</value>
      </symbol>
   </symbol_table>
   <title>Link successful</title>
</link_info>
