******************************************************************************
                  TI ARM Linker Unix v5.2.6                    
******************************************************************************
>> Linked Wed Feb 17 14:02:30 2016

OUTPUT FILE NAME:   <LabFour.out>
ENTRY POINT SYMBOL: "_c_int00"  address: 00000bed


MEMORY CONFIGURATION

         name            origin    length      used     unused   attr    fill
----------------------  --------  ---------  --------  --------  ----  --------
  FLASH                 00000000   00040000  000010ec  0003ef14  R  X
  SRAM                  20000000   00008000  00000288  00007d78  RW X


SEGMENT ALLOCATION MAP

run origin  load origin   length   init length attrs members
----------  ----------- ---------- ----------- ----- -------
00000000    00000000    000010f0   000010f0    r-x
  00000000    00000000    0000026c   0000026c    r-- .intvecs
  0000026c    0000026c    00000cf4   00000cf4    r-x .text
  00000f60    00000f60    000000fc   000000fc    r-- .const
  00001060    00001060    00000090   00000090    r-- .cinit
20000000    20000000    00000288   00000000    rw-
  20000000    20000000    00000200   00000000    rw- .stack
  20000200    20000200    00000070   00000000    rw- .data
  20000270    20000270    00000018   00000000    rw- .bss


SECTION ALLOCATION MAP

 output                                  attributes/
section   page    origin      length       input sections
--------  ----  ----------  ----------   ----------------
.intvecs   0    00000000    0000026c     
                  00000000    0000026c     tm4c123gh6pm_startup_ccs.obj (.intvecs)

.text      0    0000026c    00000cf4     
                  0000026c    000003e0     lab-4.obj (.text)
                  0000064c    00000132     driverlib.lib : gpio.obj (.text:GPIOPadConfigSet)
                  0000077e    00000002     --HOLE-- [fill = 0]
                  00000780    00000110                   : sysctl.obj (.text:SysCtlClockGet)
                  00000890    000000f4                   : sysctl.obj (.text:SysCtlClockSet)
                  00000984    0000009c     rtsv7M4_T_le_v4SPD16_eabi.lib : memcpy_t2.obj (.text)
                  00000a20    0000007a     driverlib.lib : adc.obj (.text:ADCSequenceStepConfigure)
                  00000a9a    0000007a     rtsv7M4_T_le_v4SPD16_eabi.lib : memset_t2.obj (.text)
                  00000b14    0000006c                                   : autoinit.obj (.text)
                  00000b80    0000006a                                   : copy_decompress_rle.obj (.text)
                  00000bea    00000002     --HOLE-- [fill = 0]
                  00000bec    00000050                                   : boot.obj (.text)
                  00000c3c    0000004c                                   : cpy_tbl.obj (.text)
                  00000c88    00000048     driverlib.lib : gpio.obj (.text:GPIOPinConfigure)
                  00000cd0    00000046                   : uart.obj (.text:UARTConfigSetExpClk)
                  00000d16    00000002     --HOLE-- [fill = 0]
                  00000d18    00000044     rtsv7M4_T_le_v4SPD16_eabi.lib : exit.obj (.text)
                  00000d5c    0000003e     driverlib.lib : adc.obj (.text:ADCSequenceConfigure)
                  00000d9a    00000002     --HOLE-- [fill = 0]
                  00000d9c    00000034                   : sysctl.obj (.text:SysCtlPeripheralEnable)
                  00000dd0    0000002e                   : adc.obj (.text:ADCIntStatus)
                  00000dfe    0000002a                   : gpio.obj (.text:GPIODirModeSet)
                  00000e28    00000020                   : uart.obj (.text:UARTDisable)
                  00000e48    0000001e                   : adc.obj (.text:ADCSequenceDataGet)
                  00000e66    00000018                   : adc.obj (.text:ADCProcessorTrigger)
                  00000e7e    00000018                   : gpio.obj (.text:GPIOPinTypeGPIOOutput)
                  00000e96    00000002     --HOLE-- [fill = 0]
                  00000e98    00000018     rtsv7M4_T_le_v4SPD16_eabi.lib : args_main.obj (.text)
                  00000eb0    00000014     driverlib.lib : uart.obj (.text:UARTEnable)
                  00000ec4    00000014     rtsv7M4_T_le_v4SPD16_eabi.lib : _lock.obj (.text)
                  00000ed8    00000012     driverlib.lib : gpio.obj (.text:GPIOPinTypeUART)
                  00000eea    0000000e                   : adc.obj (.text:ADCSequenceEnable)
                  00000ef8    0000000e                   : uart.obj (.text:UARTCharsAvail)
                  00000f06    0000000e     rtsv7M4_T_le_v4SPD16_eabi.lib : copy_decompress_none.obj (.text:decompress:none)
                  00000f14    0000000c                                   : copy_zero_init.obj (.text:decompress:ZI)
                  00000f20    0000000c     tm4c123gh6pm_startup_ccs.obj (.text)
                  00000f2c    0000000a     driverlib.lib : adc.obj (.text:ADCIntClear)
                  00000f36    0000000a                   : uart.obj (.text:UARTCharGet)
                  00000f40    0000000a                   : uart.obj (.text:UARTCharPut)
                  00000f4a    00000006                   : gpio.obj (.text:GPIOPinWrite)
                  00000f50    00000006                   : sysctl.obj (.text:SysCtlDelay)
                  00000f56    00000006     rtsv7M4_T_le_v4SPD16_eabi.lib : copy_decompress_rle.obj (.text:decompress:rle24)
                  00000f5c    00000004                                   : pre_init.obj (.text)

.const     0    00000f60    000000fc     
                  00000f60    00000090     driverlib.lib : gpio.obj (.const:g_pui32GPIOBaseAddrs)
                  00000ff0    0000006c                   : sysctl.obj (.const:g_pui32Xtals)

.cinit     0    00001060    00000090     
                  00001060    00000069     (.cinit..data.load) [load image, compression = rle]
                  000010c9    00000003     --HOLE-- [fill = 0]
                  000010cc    0000000c     (__TI_handler_table)
                  000010d8    00000008     (.cinit..bss.load) [load image, compression = zero_init]
                  000010e0    00000010     (__TI_cinit_table)

.init_array 
*          0    00000000    00000000     UNINITIALIZED

.data      0    20000200    00000070     UNINITIALIZED
                  20000200    00000059     lab-4.obj (.data)
                  20000259    00000003     --HOLE--
                  2000025c    00000008     rtsv7M4_T_le_v4SPD16_eabi.lib : _lock.obj (.data)
                  20000264    00000008                                   : exit.obj (.data)
                  2000026c    00000004                                   : stkdepth_vars.obj (.data)

.bss       0    20000270    00000018     UNINITIALIZED
                  20000270    00000010     (.common:ui32ADC0Value)
                  20000280    00000004     (.common:ui32TempAvg)
                  20000284    00000004     (.common:ui32TempValueC)

.stack     0    20000000    00000200     UNINITIALIZED
                  20000000    00000200     --HOLE--

.TI.persistent 
*          0    20000200    00000000     UNINITIALIZED

.TI.noinit 
*          0    20000270    00000000     UNINITIALIZED


LINKER GENERATED COPY TABLES

__TI_cinit_table @ 000010e0 records: 2, size/record: 8, table size: 16
	.data: load addr=00001060, load size=00000069 bytes, run addr=20000200, run size=00000070 bytes, compression=rle
	.bss: load addr=000010d8, load size=00000008 bytes, run addr=20000270, run size=00000018 bytes, compression=zero_init


LINKER GENERATED HANDLER TABLE

__TI_handler_table @ 000010cc records: 3, size/record: 4, table size: 12
	index: 0, handler: __TI_decompress_rle24
	index: 1, handler: __TI_decompress_none
	index: 2, handler: __TI_zero_init


GLOBAL SYMBOLS: SORTED ALPHABETICALLY BY Name 

address   name                    
-------   ----                    
00000f2d  ADCIntClear             
00000dd1  ADCIntStatus            
00000e67  ADCProcessorTrigger     
00000d5d  ADCSequenceConfigure    
00000e49  ADCSequenceDataGet      
00000eeb  ADCSequenceEnable       
00000a21  ADCSequenceStepConfigure
00000d19  C$$EXIT                 
00000dff  GPIODirModeSet          
0000064d  GPIOPadConfigSet        
00000c89  GPIOPinConfigure        
00000e7f  GPIOPinTypeGPIOOutput   
00000ed9  GPIOPinTypeUART         
00000f4b  GPIOPinWrite            
00000f21  ResetISR                
UNDEFED   SHT$$INIT_ARRAY$$Base   
UNDEFED   SHT$$INIT_ARRAY$$Limit  
00000781  SysCtlClockGet          
00000891  SysCtlClockSet          
00000f51  SysCtlDelay             
00000d9d  SysCtlPeripheralEnable  
00000f37  UARTCharGet             
00000f41  UARTCharPut             
00000ef9  UARTCharsAvail          
00000cd1  UARTConfigSetExpClk     
00000e29  UARTDisable             
00000eb1  UARTEnable              
20000200  __STACK_END             
00000200  __STACK_SIZE            
20000200  __STACK_TOP             
000010e0  __TI_CINIT_Base         
000010f0  __TI_CINIT_Limit        
000010cc  __TI_Handler_Table_Base 
000010d8  __TI_Handler_Table_Limit
00000b15  __TI_auto_init          
20000264  __TI_cleanup_ptr        
00000f07  __TI_decompress_none    
00000f57  __TI_decompress_rle24   
20000268  __TI_dtors_ptr          
00000000  __TI_static_base__      
00000f15  __TI_zero_init          
00000a9b  __aeabi_memclr          
00000a9b  __aeabi_memclr4         
00000a9b  __aeabi_memclr8         
00000985  __aeabi_memcpy          
00000985  __aeabi_memcpy4         
00000985  __aeabi_memcpy8         
00000a9d  __aeabi_memset          
00000a9d  __aeabi_memset4         
00000a9d  __aeabi_memset8         
ffffffff  __binit__               
ffffffff  __c_args__              
20000000  __stack                 
00000e99  _args_main              
00000bed  _c_int00                
2000025c  _lock                   
00000ed3  _nop                    
00000ecb  _register_lock          
00000ec5  _register_unlock        
00000f5d  _system_pre_init        
20000260  _unlock                 
00000d1d  abort                   
ffffffff  binit                   
0000026d  configADC               
000002f5  configLED               
000002bb  configUART              
00000c3d  copy_in                 
00000d25  exit                    
20000205  firstString             
00000000  g_pfnVectors            
20000223  inputString             
00000459  main                    
2000026c  main_func_sp            
00000985  memcpy                  
00000aa3  memset                  
20000204  mode                    
0000032f  printMonitorMode        
20000214  secondString            
00000307  setColor                
20000200  setTemp                 
20000270  ui32ADC0Value           
20000280  ui32TempAvg             
20000284  ui32TempValueC          
2000023d  updatedString           


GLOBAL SYMBOLS: SORTED BY Symbol Address 

address   name                    
-------   ----                    
00000000  __TI_static_base__      
00000000  g_pfnVectors            
00000200  __STACK_SIZE            
0000026d  configADC               
000002bb  configUART              
000002f5  configLED               
00000307  setColor                
0000032f  printMonitorMode        
00000459  main                    
0000064d  GPIOPadConfigSet        
00000781  SysCtlClockGet          
00000891  SysCtlClockSet          
00000985  __aeabi_memcpy          
00000985  __aeabi_memcpy4         
00000985  __aeabi_memcpy8         
00000985  memcpy                  
00000a21  ADCSequenceStepConfigure
00000a9b  __aeabi_memclr          
00000a9b  __aeabi_memclr4         
00000a9b  __aeabi_memclr8         
00000a9d  __aeabi_memset          
00000a9d  __aeabi_memset4         
00000a9d  __aeabi_memset8         
00000aa3  memset                  
00000b15  __TI_auto_init          
00000bed  _c_int00                
00000c3d  copy_in                 
00000c89  GPIOPinConfigure        
00000cd1  UARTConfigSetExpClk     
00000d19  C$$EXIT                 
00000d1d  abort                   
00000d25  exit                    
00000d5d  ADCSequenceConfigure    
00000d9d  SysCtlPeripheralEnable  
00000dd1  ADCIntStatus            
00000dff  GPIODirModeSet          
00000e29  UARTDisable             
00000e49  ADCSequenceDataGet      
00000e67  ADCProcessorTrigger     
00000e7f  GPIOPinTypeGPIOOutput   
00000e99  _args_main              
00000eb1  UARTEnable              
00000ec5  _register_unlock        
00000ecb  _register_lock          
00000ed3  _nop                    
00000ed9  GPIOPinTypeUART         
00000eeb  ADCSequenceEnable       
00000ef9  UARTCharsAvail          
00000f07  __TI_decompress_none    
00000f15  __TI_zero_init          
00000f21  ResetISR                
00000f2d  ADCIntClear             
00000f37  UARTCharGet             
00000f41  UARTCharPut             
00000f4b  GPIOPinWrite            
00000f51  SysCtlDelay             
00000f57  __TI_decompress_rle24   
00000f5d  _system_pre_init        
000010cc  __TI_Handler_Table_Base 
000010d8  __TI_Handler_Table_Limit
000010e0  __TI_CINIT_Base         
000010f0  __TI_CINIT_Limit        
20000000  __stack                 
20000200  __STACK_END             
20000200  __STACK_TOP             
20000200  setTemp                 
20000204  mode                    
20000205  firstString             
20000214  secondString            
20000223  inputString             
2000023d  updatedString           
2000025c  _lock                   
20000260  _unlock                 
20000264  __TI_cleanup_ptr        
20000268  __TI_dtors_ptr          
2000026c  main_func_sp            
20000270  ui32ADC0Value           
20000280  ui32TempAvg             
20000284  ui32TempValueC          
ffffffff  __binit__               
ffffffff  __c_args__              
ffffffff  binit                   
UNDEFED   SHT$$INIT_ARRAY$$Base   
UNDEFED   SHT$$INIT_ARRAY$$Limit  

[84 symbols]
